Archive member included to satisfy reference by file (symbol)

app/libapp.a(main.c.obj)      (--whole-archive)
app/libapp.a(uicr_deploy.c.obj)
                              (--whole-archive)
zephyr/libzephyr.a(validate_libc.c.obj)
                              (--whole-archive)
zephyr/libzephyr.a(heap.c.obj)
                              (--whole-archive)
zephyr/libzephyr.a(cbprintf_packaged.c.obj)
                              (--whole-archive)
zephyr/libzephyr.a(clock.c.obj)
                              (--whole-archive)
zephyr/libzephyr.a(printk.c.obj)
                              (--whole-archive)
zephyr/libzephyr.a(sem.c.obj)
                              (--whole-archive)
zephyr/libzephyr.a(thread_entry.c.obj)
                              (--whole-archive)
zephyr/libzephyr.a(cbprintf_complete.c.obj)
                              (--whole-archive)
zephyr/libzephyr.a(assert.c.obj)
                              (--whole-archive)
zephyr/libzephyr.a(reboot.c.obj)
                              (--whole-archive)
zephyr/libzephyr.a(dec.c.obj)
                              (--whole-archive)
zephyr/libzephyr.a(hex.c.obj)
                              (--whole-archive)
zephyr/libzephyr.a(rb.c.obj)  (--whole-archive)
zephyr/libzephyr.a(set.c.obj)
                              (--whole-archive)
zephyr/libzephyr.a(timeutil.c.obj)
                              (--whole-archive)
zephyr/libzephyr.a(bitarray.c.obj)
                              (--whole-archive)
zephyr/libzephyr.a(bitmask.c.obj)
                              (--whole-archive)
zephyr/libzephyr.a(getopt.c.obj)
                              (--whole-archive)
zephyr/libzephyr.a(getopt_common.c.obj)
                              (--whole-archive)
zephyr/libzephyr.a(ring_buffer.c.obj)
                              (--whole-archive)
zephyr/libzephyr.a(last_section_id.c.obj)
                              (--whole-archive)
zephyr/libzephyr.a(configs.c.obj)
                              (--whole-archive)
zephyr/libzephyr.a(ipc_service.c.obj)
                              (--whole-archive)
zephyr/libzephyr.a(ipc_icmsg.c.obj)
                              (--whole-archive)
zephyr/libzephyr.a(ipc_icbmsg.c.obj)
                              (--whole-archive)
zephyr/libzephyr.a(icmsg.c.obj)
                              (--whole-archive)
zephyr/libzephyr.a(pbuf.c.obj)
                              (--whole-archive)
zephyr/libzephyr.a(log_core.c.obj)
                              (--whole-archive)
zephyr/libzephyr.a(log_mgmt.c.obj)
                              (--whole-archive)
zephyr/libzephyr.a(log_cache.c.obj)
                              (--whole-archive)
zephyr/libzephyr.a(log_msg.c.obj)
                              (--whole-archive)
zephyr/libzephyr.a(log_output.c.obj)
                              (--whole-archive)
zephyr/libzephyr.a(log_backend_uart.c.obj)
                              (--whole-archive)
zephyr/libzephyr.a(mem_attr.c.obj)
                              (--whole-archive)
zephyr/libzephyr.a(random_psa.c.obj)
                              (--whole-archive)
zephyr/libzephyr.a(tracing_none.c.obj)
                              (--whole-archive)
zephyr/libzephyr.a(periphconf_entries_generated.c.obj)
                              (--whole-archive)
zephyr/arch/common/libarch__common.a(sw_isr_common.c.obj)
                              (--whole-archive)
zephyr/arch/common/libarch__common.a(init.c.obj)
                              (--whole-archive)
zephyr/arch/common/libarch__common.a(xip.c.obj)
                              (--whole-archive)
zephyr/arch/arch/arm/core/libarch__arm__core.a(fatal.c.obj)
                              (--whole-archive)
zephyr/arch/arch/arm/core/libarch__arm__core.a(nmi.c.obj)
                              (--whole-archive)
zephyr/arch/arch/arm/core/libarch__arm__core.a(nmi_on_reset.S.obj)
                              (--whole-archive)
zephyr/arch/arch/arm/core/libarch__arm__core.a(tls.c.obj)
                              (--whole-archive)
zephyr/arch/arch/arm/core/cortex_m/libarch__arm__core__cortex_m.a(fault.c.obj)
                              (--whole-archive)
zephyr/arch/arch/arm/core/cortex_m/libarch__arm__core__cortex_m.a(fault_s.S.obj)
                              (--whole-archive)
zephyr/arch/arch/arm/core/cortex_m/libarch__arm__core__cortex_m.a(fpu.c.obj)
                              (--whole-archive)
zephyr/arch/arch/arm/core/cortex_m/libarch__arm__core__cortex_m.a(reset.S.obj)
                              (--whole-archive)
zephyr/arch/arch/arm/core/cortex_m/libarch__arm__core__cortex_m.a(scb.c.obj)
                              (--whole-archive)
zephyr/arch/arch/arm/core/cortex_m/libarch__arm__core__cortex_m.a(vector_table.S.obj)
                              (--whole-archive)
zephyr/arch/arch/arm/core/cortex_m/libarch__arm__core__cortex_m.a(svc.S.obj)
                              (--whole-archive)
zephyr/arch/arch/arm/core/cortex_m/libarch__arm__core__cortex_m.a(irq_manage.c.obj)
[...]
Memory Configuration

Name             Origin             Length             Attributes
FLASH            0x0e030000         0x00062000         xr
RAM              0x2f000000         0x000be000         xw
DEVNULL_ROM      0x0e092000         0x00040000         xr
DMA_RAM3x_APP    0x2fc12000         0x00001000         rw
APP_RAM0         0x22000000         0x00007f00         rw
PMLocalRamfunc   0x22007f00         0x000000c0         rw
pm_s2ram_stack   0x22007fc8         0x00000010         rw
mcuboot_s2ram_context 0x22007fd8         0x00000008         rw
pm_s2ram_context 0x22007fe0         0x00000020         rw
IDT_LIST         0xffff7fff         0x00008000         xw
*default*        0x00000000         0xffffffff

Linker script and memory map

                0x0e0362d4                        vfprintf = __l_vfprintf
                0x00000000                        vfscanf = __l_vfscanf
LOAD zephyr/CMakeFiles/zephyr_final.dir/misc/empty_file.c.obj
LOAD zephyr/CMakeFiles/zephyr_final.dir/isr_tables.c.obj
LOAD zephyr/CMakeFiles/offsets.dir/./arch/arm/core/offsets/offsets.c.obj
LOAD app/libapp.a
LOAD zephyr/libzephyr.a
LOAD zephyr/arch/common/libarch__common.a
LOAD zephyr/arch/arch/arm/core/libarch__arm__core.a
LOAD zephyr/arch/arch/arm/core/cortex_m/libarch__arm__core__cortex_m.a
LOAD zephyr/arch/arch/arm/core/cortex_m/cmse/libarch__arm__core__cortex_m__cmse.a
LOAD zephyr/arch/arch/arm/core/mpu/libarch__arm__core__mpu.a
LOAD zephyr/lib/libc/picolibc/liblib__libc__picolibc.a
LOAD zephyr/lib/libc/common/liblib__libc__common.a
LOAD zephyr/lib/posix/c_lib_ext/liblib__posix__c_lib_ext.a
LOAD zephyr/soc/soc/nrf54h20/libsoc__nordic.a
LOAD zephyr/drivers/cache/libdrivers__cache.a
LOAD zephyr/drivers/console/libdrivers__console.a
LOAD zephyr/drivers/gpio/libdrivers__gpio.a
LOAD zephyr/drivers/mbox/libdrivers__mbox.a
LOAD zephyr/drivers/pinctrl/libdrivers__pinctrl.a
LOAD zephyr/drivers/power_domain/libdrivers__power_domain.a
LOAD zephyr/drivers/serial/libdrivers__serial.a
LOAD zephyr/drivers/timer/libdrivers__timer.a
LOAD modules/nrf/subsys/nrf_security/src/ssf_secdom/lib..__nrf__subsys__nrf_security__src__ssf_secdom.a
LOAD modules/nrf/subsys/nrf_security/src/zephyr/libmbedtls_zephyr.a
LOAD modules/hal_nordic/modules/hal_nordic/ironside/se/libmodules__hal_nordic__ironside__se.a
LOAD modules/hal_nordic/modules/hal_nordic/nrfx/libnrfx.a
LOAD modules/hal_nordic/modules/hal_nordic/nrfs/libmodules__hal_nordic__nrfs.a
LOAD zephyr/kernel/libkernel.a
LOAD modules/nrf/subsys/nrf_security/src/libmbedcrypto.a
LOAD modules/nrf/subsys/nrf_security/src/libmbedcrypto_base.a
LOAD modules/nrf/subsys/nrf_security/src/libnrf_security_utils.a
LOAD zephyr/kernel/libkernel.a
LOAD zephyr/arch/common/libisr_tables.a
LOAD /home/sebo/bin/zephyr-sdk-1.0.1/gnu/arm-zephyr-eabi/bin/../lib/gcc/arm-zephyr-eabi/14.3.0/../../../../arm-zephyr-eabi/lib/thumb/v8-m.main/nofp/space/libc.a
LOAD /home/sebo/bin/zephyr-sdk-1.0.1/gnu/arm-zephyr-eabi/bin/../lib/gcc/arm-zephyr-eabi/14.3.0/thumb/v8-m.main/nofp/space/libgcc.a
                0x00000020                        _region_min_align = 0x20

.rel.plt        0x0e030000        0x0
 *(SORT_BY_ALIGNMENT(.rel.plt))
                [!provide]                        PROVIDE (__rel_iplt_start = .)
 *(SORT_BY_ALIGNMENT(.rel.iplt))
 .rel.iplt      0x0e030000        0x0 zephyr/CMakeFiles/zephyr_final.dir/isr_tables.c.obj
                [!provide]                        PROVIDE (__rel_iplt_end = .)

.rela.plt       0x00000000        0x0
 *(SORT_BY_ALIGNMENT(.rela.plt))
                [!provide]                        PROVIDE (__rela_iplt_start = .)
 *(SORT_BY_ALIGNMENT(.rela.iplt))
                [!provide]                        PROVIDE (__rela_iplt_end = .)

.rel.dyn
 *(SORT_BY_ALIGNMENT(.rel.*))

.rela.dyn
 *(SORT_BY_ALIGNMENT(.rela.*))

/DISCARD/
 *(SORT_BY_ALIGNMENT(.plt))

/DISCARD/
 *(SORT_BY_ALIGNMENT(.iplt))
                0x0e030000                        __rom_region_start = 0xe030000

rom_start       0x0e030000      0x79c
                0x0e030000                        __rom_start_address = .
 FILL mask 0x00
                0x0e030000                        . = (. + (0x0 - (. - __rom_start_address)))
                0x0e030000                        . = ALIGN (0x4)
                0x0e030000                        . = ALIGN (0x80)
                0x0e030000                        . = ALIGN (0x800)
                0x0e030000                        _vector_start = .
 *(SORT_BY_ALIGNMENT(.exc_vector_table))
 *(SORT_BY_ALIGNMENT(.exc_vector_table.*))
 .exc_vector_table._vector_table_section
                0x0e030000       0x40 zephyr/arch/arch/arm/core/cortex_m/libarch__arm__core__cortex_m.a(vector_table.S.obj)
                0x0e030000                _vector_table
 *(SORT_BY_ALIGNMENT(.vectors))
                0x0e03079c                        _vector_end = .
                0x0e030040                        . = ALIGN (0x4)
 *(SORT_BY_ALIGNMENT(.gnu.linkonce.irq_vector_table*))
 .gnu.linkonce.irq_vector_table
                0x0e030040      0x75c zephyr/CMakeFiles/zephyr_final.dir/isr_tables.c.obj
                0x0e030040                _irq_vector_table
                0x0e03079c                        _vector_end = .

text            0x0e03079c     0x8034
                0x0e03079c                        __text_region_start = .
 *(SORT_BY_ALIGNMENT(.text))
 .text          0x0e03079c       0x30 /home/sebo/bin/zephyr-sdk-1.0.1/gnu/arm-zephyr-eabi/bin/../lib/gcc/arm-zephyr-eabi/14.3.0/thumb/v8-m.main/nofp/space/libgcc.a(_aeabi_uldivmod.o)
                0x0e03079c                __aeabi_uldivmod
 .text          0x0e0307cc        0x4 /home/sebo/bin/zephyr-sdk-1.0.1/gnu/arm-zephyr-eabi/bin/../lib/gcc/arm-zephyr-eabi/14.3.0/thumb/v8-m.main/nofp/space/libgcc.a(_dvmd_tls.o)
                0x0e0307cc                __aeabi_ldiv0
                0x0e0307cc                __aeabi_idiv0
 .text          0x0e0307d0       0x10 /home/sebo/bin/zephyr-sdk-1.0.1/gnu/arm-zephyr-eabi/bin/../lib/gcc/arm-zephyr-eabi/14.3.0/../../../../arm-zephyr-eabi/lib/thumb/v8-m.main/nofp/space/libc.a(strcpy.S.o)
                0x0e0307d0                strcpy
 .text          0x0e0307e0       0x10 /home/sebo/bin/zephyr-sdk-1.0.1/gnu/arm-zephyr-eabi/bin/../lib/gcc/arm-zephyr-eabi/14.3.0/../../../../arm-zephyr-eabi/lib/thumb/v8-m.main/nofp/space/libc.a(strlen.S.o)
                0x0e0307e0                strlen
 .text          0x0e0307f0      0x2ba /home/sebo/bin/zephyr-sdk-1.0.1/gnu/arm-zephyr-eabi/bin/../lib/gcc/arm-zephyr-eabi/14.3.0/thumb/v8-m.main/nofp/space/libgcc.a(_udivmoddi4.o)
                0x0e0307f0                __udivmoddi4
 *(SORT_BY_ALIGNMENT(.text.*))
 *fill*         0x0e030aaa        0x2 
 .text.idle_forever
                0x0e030aac       0x10 app/libapp.a(main.c.obj)
 .text.main     0x0e030abc      0x330 app/libapp.a(main.c.obj)
                0x0e030abc                main
 .text.uicr_deploy_lock_contents
                0x0e030dec       0x48 app/libapp.a(uicr_deploy.c.obj)
                0x0e030dec                uicr_deploy_lock_contents
 .text.cbvprintf_package
                0x0e030e34      0x364 zephyr/libzephyr.a(cbprintf_packaged.c.obj)
                0x0e030e34                cbvprintf_package
 .text.__printk_hook_install
                0x0e031198        0xc zephyr/libzephyr.a(printk.c.obj)
                0x0e031198                __printk_hook_install
 .text.z_thread_entry
                0x0e0311a4       0x34 zephyr/libzephyr.a(thread_entry.c.obj)
                0x0e0311a4                z_thread_entry
 .text.sys_reboot
                0x0e0311d8       0x2c zephyr/libzephyr.a(reboot.c.obj)
                0x0e0311d8                sys_reboot
 .text.ipc_service_open_instance
                0x0e031204       0x58 zephyr/libzephyr.a(ipc_service.c.obj)
                0x0e031204                ipc_service_open_instance
 .text.ipc_service_register_endpoint
                0x0e03125c       0x64 zephyr/libzephyr.a(ipc_service.c.obj)
                0x0e03125c                ipc_service_register_endpoint
 .text.ipc_service_send
                0x0e0312c0       0x80 zephyr/libzephyr.a(ipc_service.c.obj)
                0x0e0312c0                ipc_service_send
 .text.open     0x0e031340       0x28 zephyr/libzephyr.a(ipc_icbmsg.c.obj)
 .text.buffer_from_index_validate
                0x0e031368       0x94 zephyr/libzephyr.a(ipc_icbmsg.c.obj)
 .text.buffer_to_index_validate
                0x0e0313fc       0x48 zephyr/libzephyr.a(ipc_icbmsg.c.obj)
 .text.alloc_tx_buffer
                0x0e031444       0xfc zephyr/libzephyr.a(ipc_icbmsg.c.obj)
 .text.send_control_message
                0x0e031540       0x64 zephyr/libzephyr.a(ipc_icbmsg.c.obj)
 .text.backend_init
                0x0e0315a4       0x90 zephyr/libzephyr.a(ipc_icbmsg.c.obj)
 .text.release_tx_blocks
                0x0e031634       0x90 zephyr/libzephyr.a(ipc_icbmsg.c.obj)
 .text.received_release_data
                0x0e0316c4       0x50 zephyr/libzephyr.a(ipc_icbmsg.c.obj)
 .text.control_bound
                0x0e031714       0x24 zephyr/libzephyr.a(ipc_icbmsg.c.obj)
 .text.register_ept
                0x0e031738       0xc0 zephyr/libzephyr.a(ipc_icbmsg.c.obj)
 .text.ept_bound_process
                0x0e0317f8      0x21c zephyr/libzephyr.a(ipc_icbmsg.c.obj)
 .text.get_ept_and_rx_validate
                0x0e031a14       0xa4 zephyr/libzephyr.a(ipc_icbmsg.c.obj)
 .text.control_received
                0x0e031ab8      0x148 zephyr/libzephyr.a(ipc_icbmsg.c.obj)
 .text.work_q_init
                0x0e031c00       0x34 zephyr/libzephyr.a(icmsg.c.obj)
 .text.initialize_tx_with_sid_disabled
                0x0e031c34       0x2c zephyr/libzephyr.a(icmsg.c.obj)
 .text.mbox_callback
                0x0e031c60       0x10 zephyr/libzephyr.a(icmsg.c.obj)
 .text.workq_callback_process
                0x0e031c70      0x1e4 zephyr/libzephyr.a(icmsg.c.obj)
 .text.icmsg_open
                0x0e031e54       0xf8 zephyr/libzephyr.a(icmsg.c.obj)
                0x0e031e54                icmsg_open
 .text.z_log_init.isra.0
                0x0e031f4c       0xdc zephyr/libzephyr.a(log_core.c.obj)
 .text.log_format_func_t_get
                0x0e032028        0xc zephyr/libzephyr.a(log_core.c.obj)
                0x0e032028                log_format_func_t_get
 .text.log_set_timestamp_func
                0x0e032034       0x20 zephyr/libzephyr.a(log_core.c.obj)
                0x0e032034                log_set_timestamp_func
 .text.log_core_init
                0x0e032054       0x50 zephyr/libzephyr.a(log_core.c.obj)
                0x0e032054                log_core_init
 .text.z_impl_log_panic
                0x0e0320a4       0x3c zephyr/libzephyr.a(log_core.c.obj)
                0x0e0320a4                z_impl_log_panic
 .text.z_log_dropped
                0x0e0320e0       0x28 zephyr/libzephyr.a(log_core.c.obj)
                0x0e0320e0                z_log_dropped
 .text.z_log_msg_commit
                0x0e032108       0x38 zephyr/libzephyr.a(log_core.c.obj)
                0x0e032108                z_log_msg_commit
 .text.log_source_name_get
                0x0e032140       0x1c zephyr/libzephyr.a(log_mgmt.c.obj)
                0x0e032140                log_source_name_get
 .text.z_log_msg_runtime_vcreate
                0x0e03215c       0xb0 zephyr/libzephyr.a(log_msg.c.obj)
                0x0e03215c                z_log_msg_runtime_vcreate
 .text.log_msg_get_source_id
                0x0e03220c       0x18 zephyr/libzephyr.a(log_msg.c.obj)
                0x0e03220c                log_msg_get_source_id
 .text.print_formatted
                0x0e032224       0x24 zephyr/libzephyr.a(log_output.c.obj)
 .text.newline_print
                0x0e032248       0x1c zephyr/libzephyr.a(log_output.c.obj)
 .text.log_output_process
                0x0e032264      0x270 zephyr/libzephyr.a(log_output.c.obj)
                0x0e032264                log_output_process
 .text.log_output_timestamp_freq_set
                0x0e0324d4       0x2c zephyr/libzephyr.a(log_output.c.obj)
                0x0e0324d4                log_output_timestamp_freq_set
 .text.char_out
                0x0e032500       0x24 zephyr/libzephyr.a(log_backend_uart.c.obj)
 .text.mem_attr_get_regions
                0x0e032524        0xc zephyr/libzephyr.a(mem_attr.c.obj)
                0x0e032524                mem_attr_get_regions
 .text.arch_bss_zero
                0x0e032530       0x18 zephyr/arch/common/libarch__common.a(init.c.obj)
                0x0e032530                arch_bss_zero
 .text.arch_data_copy
                0x0e032548       0x38 zephyr/arch/common/libarch__common.a(xip.c.obj)
                0x0e032548                arch_data_copy
 .text.z_arm_fatal_error
                0x0e032580       0xc4 zephyr/arch/arch/arm/core/libarch__arm__core.a(fatal.c.obj)
                0x0e032580                z_arm_fatal_error
 .text.z_SysNmiOnReset
                0x0e032644        0x8 zephyr/arch/arch/arm/core/libarch__arm__core.a(nmi_on_reset.S.obj)
                0x0e032644                z_SysNmiOnReset
 .text.arch_tls_stack_setup
                0x0e03264c       0x40 zephyr/arch/arch/arm/core/libarch__arm__core.a(tls.c.obj)
                0x0e03264c                arch_tls_stack_setup
 .text.usage_fault.isra.0
                0x0e03268c      0x128 zephyr/arch/arch/arm/core/cortex_m/libarch__arm__core__cortex_m.a(fault.c.obj)
 .text.bus_fault.isra.0
                0x0e0327b4      0x13c zephyr/arch/arch/arm/core/cortex_m/libarch__arm__core__cortex_m.a(fault.c.obj)
 .text.mem_manage_fault.isra.0
                0x0e0328f0      0x130 zephyr/arch/arch/arm/core/cortex_m/libarch__arm__core__cortex_m.a(fault.c.obj)
 .text.z_arm_fault
                0x0e032a20      0x21c zephyr/arch/arch/arm/core/cortex_m/libarch__arm__core__cortex_m.a(fault.c.obj)
                0x0e032a20                z_arm_fault
 .text.z_arm_fault_init
                0x0e032c3c       0x20 zephyr/arch/arch/arm/core/cortex_m/libarch__arm__core__cortex_m.a(fault.c.obj)
                0x0e032c3c                z_arm_fault_init
 .text.__fault  0x0e032c5c       0x14 zephyr/arch/arch/arm/core/cortex_m/libarch__arm__core__cortex_m.a(fault_s.S.obj)
                0x0e032c5c                z_arm_bus_fault
                0x0e032c5c                z_arm_usage_fault
                0x0e032c5c                z_arm_mpu_fault
                0x0e032c5c                z_arm_exc_spurious
                0x0e032c5c                z_arm_debug_monitor
                0x0e032c5c                z_arm_hard_fault
 .text._reset_section
                0x0e032c70       0x60 zephyr/arch/arch/arm/core/cortex_m/libarch__arm__core__cortex_m.a(reset.S.obj)
                0x0e032c70                z_arm_reset
                0x0e032c70                __start
 .text.z_arm_clear_arm_mpu_config
                0x0e032cd0       0x24 zephyr/arch/arch/arm/core/cortex_m/libarch__arm__core__cortex_m.a(scb.c.obj)
                0x0e032cd0                z_arm_clear_arm_mpu_config
 .text.z_arm_init_arch_hw_at_boot
                0x0e032cf4       0x4c zephyr/arch/arch/arm/core/cortex_m/libarch__arm__core__cortex_m.a(scb.c.obj)
                0x0e032cf4                z_arm_init_arch_hw_at_boot
 .text.z_arm_svc
                0x0e032d40       0x24 zephyr/arch/arch/arm/core/cortex_m/libarch__arm__core__cortex_m.a(svc.S.obj)
                0x0e032d40                z_arm_svc
 .text.arm_irq_enable
                0x0e032d64       0x1c zephyr/arch/arch/arm/core/cortex_m/libarch__arm__core__cortex_m.a(irq_manage.c.obj)
                0x0e032d64                arm_irq_enable
 .text.arm_irq_disable
                0x0e032d80       0x28 zephyr/arch/arch/arm/core/cortex_m/libarch__arm__core__cortex_m.a(irq_manage.c.obj)
                0x0e032d80                arm_irq_disable
 .text.arm_irq_priority_set
                0x0e032da8       0x2c zephyr/arch/arch/arm/core/cortex_m/libarch__arm__core__cortex_m.a(irq_manage.c.obj)
                0x0e032da8                arm_irq_priority_set
 .text.relocate_vector_table
                0x0e032dd4       0x1c zephyr/arch/arch/arm/core/cortex_m/libarch__arm__core__cortex_m.a(prep_c.c.obj)
                0x0e032dd4                relocate_vector_table
 .text.z_prep_c
                0x0e032df0       0x28 zephyr/arch/arch/arm/core/cortex_m/libarch__arm__core__cortex_m.a(prep_c.c.obj)
                0x0e032df0                z_prep_c
 .text.arch_new_thread
                0x0e032e18       0x38 zephyr/arch/arch/arm/core/cortex_m/libarch__arm__core__cortex_m.a(thread.c.obj)
                0x0e032e18                arch_new_thread
 .text.arch_switch_to_main_thread
                0x0e032e50       0x40 zephyr/arch/arch/arm/core/cortex_m/libarch__arm__core__cortex_m.a(thread.c.obj)
                0x0e032e50                arch_switch_to_main_thread
 .text.z_arm_cpu_idle_init
                0x0e032e90        0xc zephyr/arch/arch/arm/core/cortex_m/libarch__arm__core__cortex_m.a(cpu_idle.c.obj)
                0x0e032e90                z_arm_cpu_idle_init
 .text._HandlerModeExit
                0x0e032e9c       0x20 zephyr/arch/arch/arm/core/cortex_m/libarch__arm__core__cortex_m.a(exc_exit.c.obj)
                0x0e032e9c                z_arm_exc_exit
                0x0e032e9c                z_arm_int_exit
 .text.z_impl_k_thread_abort
                0x0e032ebc       0x2c zephyr/arch/arch/arm/core/cortex_m/libarch__arm__core__cortex_m.a(thread_abort.c.obj)
                0x0e032ebc                z_impl_k_thread_abort
 .text.z_arm_pendsv
                0x0e032ee8       0x60 zephyr/arch/arch/arm/core/cortex_m/libarch__arm__core__cortex_m.a(swap_helper.S.obj)
                0x0e032ee8                z_arm_pendsv
 .text.z_arm_interrupt_init
                0x0e032f48       0x20 zephyr/arch/arch/arm/core/cortex_m/libarch__arm__core__cortex_m.a(irq_init.c.obj)
                0x0e032f48                z_arm_interrupt_init
 .text._isr_wrapper
                0x0e032f68       0x24 zephyr/arch/arch/arm/core/cortex_m/libarch__arm__core__cortex_m.a(isr_wrapper.c.obj)
                0x0e032f68                _isr_wrapper
 .text.__aeabi_read_tp
                0x0e032f8c        0xc zephyr/arch/arch/arm/core/cortex_m/libarch__arm__core__cortex_m.a(__aeabi_read_tp.S.obj)
                0x0e032f8c                __aeabi_read_tp
 .text.z_arm_configure_static_mpu_regions
                0x0e032f98       0x3c zephyr/arch/arch/arm/core/mpu/libarch__arm__core__mpu.a(arm_core_mpu.c.obj)
                0x0e032f98                z_arm_configure_static_mpu_regions
 .text.region_init
                0x0e032fd4       0x30 zephyr/arch/arch/arm/core/mpu/libarch__arm__core__mpu.a(arm_mpu.c.obj)
 .text.region_allocate_and_init
                0x0e033004       0x48 zephyr/arch/arch/arm/core/mpu/libarch__arm__core__mpu.a(arm_mpu.c.obj)
 .text.mpu_configure_regions_and_partition.constprop.0
                0x0e03304c      0x168 zephyr/arch/arch/arm/core/mpu/libarch__arm__core__mpu.a(arm_mpu.c.obj)
 .text.arm_core_mpu_enable
                0x0e0331b4       0x18 zephyr/arch/arch/arm/core/mpu/libarch__arm__core__mpu.a(arm_mpu.c.obj)
                0x0e0331b4                arm_core_mpu_enable
 .text.arm_core_mpu_disable
                0x0e0331cc       0x14 zephyr/arch/arch/arm/core/mpu/libarch__arm__core__mpu.a(arm_mpu.c.obj)
                0x0e0331cc                arm_core_mpu_disable
 .text.arm_core_mpu_configure_static_mpu_regions
                0x0e0331e0       0x14 zephyr/arch/arch/arm/core/mpu/libarch__arm__core__mpu.a(arm_mpu.c.obj)
                0x0e0331e0                arm_core_mpu_configure_static_mpu_regions
 .text.arm_core_mpu_mark_areas_for_dynamic_regions
                0x0e0331f4       0xb8 zephyr/arch/arch/arm/core/mpu/libarch__arm__core__mpu.a(arm_mpu.c.obj)
                0x0e0331f4                arm_core_mpu_mark_areas_for_dynamic_regions
 .text.z_arm_mpu_init
                0x0e0332ac      0x164 zephyr/arch/arch/arm/core/mpu/libarch__arm__core__mpu.a(arm_mpu.c.obj)
                0x0e0332ac                z_arm_mpu_init
 .text.cbvprintf
                0x0e033410       0x38 zephyr/lib/libc/picolibc/liblib__libc__picolibc.a(cbprintf.c.obj)
                0x0e033410                cbvprintf
 .text.z_impl_zephyr_fputc
                0x0e033448       0x10 zephyr/lib/libc/picolibc/liblib__libc__picolibc.a(stdio.c.obj)
                0x0e033448                z_impl_zephyr_fputc
 .text.__stdout_hook_install
                0x0e033458       0x18 zephyr/lib/libc/picolibc/liblib__libc__picolibc.a(stdio.c.obj)
                0x0e033458                __stdout_hook_install
 .text.malloc_prepare
                0x0e033470       0x24 zephyr/lib/libc/common/liblib__libc__common.a(malloc.c.obj)
 .text.soc_early_init_hook
                0x0e033494       0x84 zephyr/soc/soc/nrf54h20/libsoc__nordic.a(soc.c.obj)
                0x0e033494                soc_early_init_hook
 .text.arch_busy_wait
                0x0e033518       0x24 zephyr/soc/soc/nrf54h20/libsoc__nordic.a(soc.c.obj)
                0x0e033518                arch_busy_wait
 .text.sys_arch_reboot
                0x0e03353c       0x24 zephyr/soc/soc/nrf54h20/libsoc__nordic.a(reboot.c.obj)
                0x0e03353c                sys_arch_reboot
 .text.nrf_power_domain_init
                0x0e033560       0x58 zephyr/soc/soc/nrf54h20/libsoc__nordic.a(haltium_power.c.obj)
                0x0e033560                nrf_power_domain_init
 .text.soc_lrcconf_poweron_request
                0x0e0335b8       0x70 zephyr/soc/soc/nrf54h20/libsoc__nordic.a(soc_lrcconf.c.obj)
                0x0e0335b8                soc_lrcconf_poweron_request
 .text.dmm_init
                0x0e033628       0x4c zephyr/soc/soc/nrf54h20/libsoc__nordic.a(dmm.c.obj)
                0x0e033628                dmm_init
 .text.cache_data_enable
                0x0e033674       0x10 zephyr/drivers/cache/libdrivers__cache.a(cache_nrf.c.obj)
                0x0e033674                cache_data_enable
 .text.cache_data_flush_range
                0x0e033684       0x10 zephyr/drivers/cache/libdrivers__cache.a(cache_nrf.c.obj)
                0x0e033684                cache_data_flush_range
 .text.cache_data_invd_range
                0x0e033694       0x10 zephyr/drivers/cache/libdrivers__cache.a(cache_nrf.c.obj)
                0x0e033694                cache_data_invd_range
 .text.cache_instr_enable
                0x0e0336a4       0x10 zephyr/drivers/cache/libdrivers__cache.a(cache_nrf.c.obj)
                0x0e0336a4                cache_instr_enable
 .text.uart_console_init
                0x0e0336b4       0x28 zephyr/drivers/console/libdrivers__console.a(uart_console.c.obj)
 .text.console_out
                0x0e0336dc       0x28 zephyr/drivers/console/libdrivers__console.a(uart_console.c.obj)
 .text.gpio_nrfx_pin_configure
                0x0e033704      0x190 zephyr/drivers/gpio/libdrivers__gpio.a(gpio_nrfx.c.obj)
 .text.nrfx_gpio_handler
                0x0e033894       0x4c zephyr/drivers/gpio/libdrivers__gpio.a(gpio_nrfx.c.obj)
 .text.gpio_nrfx_init
                0x0e0338e0       0x3c zephyr/drivers/gpio/libdrivers__gpio.a(gpio_nrfx.c.obj)
 .text.gpio_nrfx_pin_interrupt_configure
                0x0e03391c       0xfc zephyr/drivers/gpio/libdrivers__gpio.a(gpio_nrfx.c.obj)
 .text.bellboard_rx_isr
                0x0e033a18       0x7c zephyr/drivers/mbox/libdrivers__mbox.a(mbox_nrf_bellboard_rx.c.obj)
 .text.bellboard_rx_register_callback
                0x0e033a94       0x24 zephyr/drivers/mbox/libdrivers__mbox.a(mbox_nrf_bellboard_rx.c.obj)
 .text.bellboard_rx_set_enabled
                0x0e033ab8       0xac zephyr/drivers/mbox/libdrivers__mbox.a(mbox_nrf_bellboard_rx.c.obj)
 .text.bellboard_rx_init
                0x0e033b64       0x4c zephyr/drivers/mbox/libdrivers__mbox.a(mbox_nrf_bellboard_rx.c.obj)
 .text.nrf_gpio_pin_port_decode
                0x0e033bb0       0x20 zephyr/drivers/pinctrl/libdrivers__pinctrl.a(pinctrl_nrf.c.obj)
 .text.pinctrl_configure_pins
                0x0e033bd0      0x180 zephyr/drivers/pinctrl/libdrivers__pinctrl.a(pinctrl_nrf.c.obj)
                0x0e033bd0                pinctrl_configure_pins
 .text.manager_event_handler
                0x0e033d50       0x14 zephyr/drivers/power_domain/libdrivers__power_domain.a(power_domain_nrfs_gdpwr.c.obj)
 .text.z_log_msg_runtime_create.constprop.0
                0x0e033d64       0x24 zephyr/drivers/power_domain/libdrivers__power_domain.a(power_domain_nrfs_gdpwr.c.obj)
 .text.manager_set_domain_locked
                0x0e033d88       0xa0 zephyr/drivers/power_domain/libdrivers__power_domain.a(power_domain_nrfs_gdpwr.c.obj)
 .text.manager_unlock
                0x0e033e28       0x18 zephyr/drivers/power_domain/libdrivers__power_domain.a(power_domain_nrfs_gdpwr.c.obj)
 .text.manager_lock
                0x0e033e40       0x20 zephyr/drivers/power_domain/libdrivers__power_domain.a(power_domain_nrfs_gdpwr.c.obj)
 .text.manager_init
                0x0e033e60       0xa8 zephyr/drivers/power_domain/libdrivers__power_domain.a(power_domain_nrfs_gdpwr.c.obj)
 .text.uarte_nrfx_poll_out
                0x0e033f08       0xb4 zephyr/drivers/serial/libdrivers__serial.a(uart_nrfx_uarte.c.obj)
 .text.sys_clock_timeout_handler
                0x0e033fbc       0x4c zephyr/drivers/timer/libdrivers__timer.a(nrf_grtc_timer.c.obj)
 .text.sys_clock_driver_init
                0x0e034008       0x74 zephyr/drivers/timer/libdrivers__timer.a(nrf_grtc_timer.c.obj)
 .text.sys_clock_elapsed
                0x0e03407c       0x28 zephyr/drivers/timer/libdrivers__timer.a(nrf_grtc_timer.c.obj)
                0x0e03407c                sys_clock_elapsed
 .text.sys_clock_set_timeout
                0x0e0340a4       0xa0 zephyr/drivers/timer/libdrivers__timer.a(nrf_grtc_timer.c.obj)
                0x0e0340a4                sys_clock_set_timeout
 .text.ironside_call_rsp
                0x0e034144       0x64 modules/hal_nordic/modules/hal_nordic/ironside/se/libmodules__hal_nordic__ironside__se.a(call.c.obj)
 .text.ironside_call_init
                0x0e0341a8       0x48 modules/hal_nordic/modules/hal_nordic/ironside/se/libmodules__hal_nordic__ironside__se.a(call.c.obj)
 .text.ironside_se_call_alloc
                0x0e0341f0       0x44 modules/hal_nordic/modules/hal_nordic/ironside/se/libmodules__hal_nordic__ironside__se.a(call.c.obj)
                0x0e0341f0                ironside_se_call_alloc
 .text.ironside_se_call_dispatch
                0x0e034234       0x58 modules/hal_nordic/modules/hal_nordic/ironside/se/libmodules__hal_nordic__ironside__se.a(call.c.obj)
                0x0e034234                ironside_se_call_dispatch
 .text.ironside_se_call_release
                0x0e03428c       0x30 modules/hal_nordic/modules/hal_nordic/ironside/se/libmodules__hal_nordic__ironside__se.a(call.c.obj)
                0x0e03428c                ironside_se_call_release
 .text.SystemInit
                0x0e0342bc       0x14 modules/hal_nordic/modules/hal_nordic/nrfx/libnrfx.a(system_nrf54h.c.obj)
                0x0e0342bc                SystemInit
 .text.nrf_gpio_pin_port_decode
                0x0e0342d0       0x20 modules/hal_nordic/modules/hal_nordic/nrfx/libnrfx.a(nrfx_gpiote.c.obj)
 .text.get_pin_idx
                0x0e0342f0       0x14 modules/hal_nordic/modules/hal_nordic/nrfx/libnrfx.a(nrfx_gpiote.c.obj)
 .text.latch_pending_read_and_check
                0x0e034304       0x68 modules/hal_nordic/modules/hal_nordic/nrfx/libnrfx.a(nrfx_gpiote.c.obj)
 .text.pin_uninit
                0x0e03436c       0x88 modules/hal_nordic/modules/hal_nordic/nrfx/libnrfx.a(nrfx_gpiote.c.obj)
 .text.nrfx_gpiote_output_configure
                0x0e0343f4       0xfc modules/hal_nordic/modules/hal_nordic/nrfx/libnrfx.a(nrfx_gpiote.c.obj)
                0x0e0343f4                nrfx_gpiote_output_configure
 .text.nrfx_gpiote_channel_free
                0x0e0344f0        0xc modules/hal_nordic/modules/hal_nordic/nrfx/libnrfx.a(nrfx_gpiote.c.obj)
                0x0e0344f0                nrfx_gpiote_channel_free
 .text.nrfx_gpiote_channel_alloc
                0x0e0344fc       0x18 modules/hal_nordic/modules/hal_nordic/nrfx/libnrfx.a(nrfx_gpiote.c.obj)
                0x0e0344fc                nrfx_gpiote_channel_alloc
 .text.nrfx_gpiote_irq_handler
                0x0e034514      0x1b4 modules/hal_nordic/modules/hal_nordic/nrfx/libnrfx.a(nrfx_gpiote.c.obj)
                0x0e034514                nrfx_gpiote_irq_handler
 .text.channel_used_unmark
                0x0e0346c8       0x18 modules/hal_nordic/modules/hal_nordic/nrfx/libnrfx.a(nrfx_grtc.c.obj)
 .text.channel_allocate
                0x0e0346e0       0x48 modules/hal_nordic/modules/hal_nordic/nrfx/libnrfx.a(nrfx_grtc.c.obj)
 .text.nrfx_grtc_syscounter_get
                0x0e034728       0x20 modules/hal_nordic/modules/hal_nordic/nrfx/libnrfx.a(nrfx_grtc.c.obj)
                0x0e034728                nrfx_grtc_syscounter_get
 .text.nrfx_grtc_channel_callback_set
                0x0e034748       0x2c modules/hal_nordic/modules/hal_nordic/nrfx/libnrfx.a(nrfx_grtc.c.obj)
                0x0e034748                nrfx_grtc_channel_callback_set
 .text.nrfx_grtc_init
                0x0e034774       0x44 modules/hal_nordic/modules/hal_nordic/nrfx/libnrfx.a(nrfx_grtc.c.obj)
                0x0e034774                nrfx_grtc_init
 .text.nrfx_grtc_uninit
                0x0e0347b8       0x80 modules/hal_nordic/modules/hal_nordic/nrfx/libnrfx.a(nrfx_grtc.c.obj)
                0x0e0347b8                nrfx_grtc_uninit
 .text.nrfx_grtc_syscounter_cc_abs_set
                0x0e034838       0x6c modules/hal_nordic/modules/hal_nordic/nrfx/libnrfx.a(nrfx_grtc.c.obj)
                0x0e034838                nrfx_grtc_syscounter_cc_abs_set
 .text.nrfx_grtc_syscounter_cc_rel_set
                0x0e0348a4       0x40 modules/hal_nordic/modules/hal_nordic/nrfx/libnrfx.a(nrfx_grtc.c.obj)
                0x0e0348a4                nrfx_grtc_syscounter_cc_rel_set
 .text.nrfx_grtc_irq_handler
                0x0e0348e4       0xb0 modules/hal_nordic/modules/hal_nordic/nrfx/libnrfx.a(nrfx_grtc.c.obj)
                0x0e0348e4                nrfx_grtc_irq_handler
 .text.nrfs_audiopll_service_notify
                0x0e034994       0x60 modules/hal_nordic/modules/hal_nordic/nrfs/libmodules__hal_nordic__nrfs.a(nrfs_audiopll.c.obj)
                0x0e034994                nrfs_audiopll_service_notify
 .text.nrfs_clock_service_notify
                0x0e0349f4       0x44 modules/hal_nordic/modules/hal_nordic/nrfs/libmodules__hal_nordic__nrfs.a(nrfs_clock.c.obj)
                0x0e0349f4                nrfs_clock_service_notify
 .text.nrfs_gdfs_service_notify
                0x0e034a38       0x38 modules/hal_nordic/modules/hal_nordic/nrfs/libmodules__hal_nordic__nrfs.a(nrfs_gdfs.c.obj)
                0x0e034a38                nrfs_gdfs_service_notify
 .text.nrfs_gdpwr_init
                0x0e034a70       0x18 modules/hal_nordic/modules/hal_nordic/nrfs/libmodules__hal_nordic__nrfs.a(nrfs_gdpwr.c.obj)
                0x0e034a70                nrfs_gdpwr_init
 .text.nrfs_gdpwr_service_notify
                0x0e034a88       0x2c modules/hal_nordic/modules/hal_nordic/nrfs/libmodules__hal_nordic__nrfs.a(nrfs_gdpwr.c.obj)
                0x0e034a88                nrfs_gdpwr_service_notify
 .text.nrfs_gdpwr_power_request
                0x0e034ab4       0x34 modules/hal_nordic/modules/hal_nordic/nrfs/libmodules__hal_nordic__nrfs.a(nrfs_gdpwr.c.obj)
                0x0e034ab4                nrfs_gdpwr_power_request
 .text.nrfs_swext_service_notify
                0x0e034ae8       0x38 modules/hal_nordic/modules/hal_nordic/nrfs/libmodules__hal_nordic__nrfs.a(nrfs_swext.c.obj)
                0x0e034ae8                nrfs_swext_service_notify
 .text.nrfs_temp_service_notify
                0x0e034b20       0x40 modules/hal_nordic/modules/hal_nordic/nrfs/libmodules__hal_nordic__nrfs.a(nrfs_temp.c.obj)
                0x0e034b20                nrfs_temp_service_notify
 .text.nrfs_usb_service_notify
                0x0e034b60       0x4c modules/hal_nordic/modules/hal_nordic/nrfs/libmodules__hal_nordic__nrfs.a(nrfs_usb.c.obj)
                0x0e034b60                nrfs_usb_service_notify
 .text.nrfs_dispatcher_notify
                0x0e034bac       0x30 modules/hal_nordic/modules/hal_nordic/nrfs/libmodules__hal_nordic__nrfs.a(nrfs_dispatcher.c.obj)
                0x0e034bac                nrfs_dispatcher_notify
 .text.nrfs_backend_try_send_directly_over_ipc_service
                0x0e034bdc       0x2c modules/hal_nordic/modules/hal_nordic/nrfs/libmodules__hal_nordic__nrfs.a(nrfs_backend_ipc_service.c.obj)
 .text.ipc_sysctrl_ept_bound
                0x0e034c08       0x4c modules/hal_nordic/modules/hal_nordic/nrfs/libmodules__hal_nordic__nrfs.a(nrfs_backend_ipc_service.c.obj)
 .text.nrfs_backend_connected
                0x0e034c54       0x14 modules/hal_nordic/modules/hal_nordic/nrfs/libmodules__hal_nordic__nrfs.a(nrfs_backend_ipc_service.c.obj)
                0x0e034c54                nrfs_backend_connected
 .text.nrfs_backend_send_ex
                0x0e034c68       0x90 modules/hal_nordic/modules/hal_nordic/nrfs/libmodules__hal_nordic__nrfs.a(nrfs_backend_ipc_service.c.obj)
                0x0e034c68                nrfs_backend_send_ex
 .text.nrfs_backend_wait_for_connection
                0x0e034cf8       0x2c modules/hal_nordic/modules/hal_nordic/nrfs/libmodules__hal_nordic__nrfs.a(nrfs_backend_ipc_service.c.obj)
                0x0e034cf8                nrfs_backend_wait_for_connection
 .text.nrfs_backend_fatal_error_handler
                0x0e034d24       0x28 modules/hal_nordic/modules/hal_nordic/nrfs/libmodules__hal_nordic__nrfs.a(nrfs_backend_ipc_service.c.obj)
                0x0e034d24                nrfs_backend_fatal_error_handler
 .text.nrfs_backend_error_handler
                0x0e034d4c       0x98 modules/hal_nordic/modules/hal_nordic/nrfs/libmodules__hal_nordic__nrfs.a(nrfs_backend_ipc_service.c.obj)
                0x0e034d4c                nrfs_backend_error_handler
 .text.ipc_channel_init
                0x0e034de4       0x50 modules/hal_nordic/modules/hal_nordic/nrfs/libmodules__hal_nordic__nrfs.a(nrfs_backend_ipc_service.c.obj)
 .text.nrfs_backend_send_work
                0x0e034e34       0x38 modules/hal_nordic/modules/hal_nordic/nrfs/libmodules__hal_nordic__nrfs.a(nrfs_backend_ipc_service.c.obj)
 .text.k_sys_fatal_error_handler
                0x0e034e6c       0x2c zephyr/kernel/libkernel.a(fatal.c.obj)
                0x0e034e6c                k_sys_fatal_error_handler
 .text.z_fatal_error
                0x0e034e98       0xcc zephyr/kernel/libkernel.a(fatal.c.obj)
                0x0e034e98                z_fatal_error
 .text.z_sys_init_run_level
                0x0e034f64       0x30 zephyr/kernel/libkernel.a(init.c.obj)
 .text.bg_thread_main
                0x0e034f94       0xc0 zephyr/kernel/libkernel.a(init.c.obj)
 .text.z_init_cpu
                0x0e035054       0x68 zephyr/kernel/libkernel.a(init.c.obj)
                0x0e035054                z_init_cpu
 .text.z_cstart
                0x0e0350bc       0xd4 zephyr/kernel/libkernel.a(init.c.obj)
                0x0e0350bc                z_cstart
 .text.statics_init
                0x0e035190       0x24 zephyr/kernel/libkernel.a(kheap.c.obj)
 .text.put_msg_in_queue
                0x0e0351b4       0xcc zephyr/kernel/libkernel.a(msg_q.c.obj)
 .text.z_impl_k_msgq_get
                0x0e035280       0xc8 zephyr/kernel/libkernel.a(msg_q.c.obj)
                0x0e035280                z_impl_k_msgq_get
 .text.z_impl_k_mutex_lock
                0x0e035348       0xe4 zephyr/kernel/libkernel.a(mutex.c.obj)
                0x0e035348                z_impl_k_mutex_lock
 .text.z_impl_k_mutex_unlock
                0x0e03542c       0xa0 zephyr/kernel/libkernel.a(mutex.c.obj)
                0x0e03542c                z_impl_k_mutex_unlock
 .text.z_impl_k_sem_give
                0x0e0354cc       0x68 zephyr/kernel/libkernel.a(sem.c.obj)
                0x0e0354cc                z_impl_k_sem_give
 .text.z_impl_k_sem_take
                0x0e035534       0x4c zephyr/kernel/libkernel.a(sem.c.obj)
                0x0e035534                z_impl_k_sem_take
 .text.work_queue_main
                0x0e035580      0x160 zephyr/kernel/libkernel.a(work.c.obj)
 .text.submit_to_queue_locked
                0x0e0356e0       0xa4 zephyr/kernel/libkernel.a(work.c.obj)
 .text.k_work_submit
                0x0e035784        0xc zephyr/kernel/libkernel.a(work.c.obj)
                0x0e035784                k_work_submit
 .text.k_work_queue_start
                0x0e035790       0x80 zephyr/kernel/libkernel.a(work.c.obj)
                0x0e035790                k_work_queue_start
 .text.z_setup_new_thread
                0x0e035810       0x7c zephyr/kernel/libkernel.a(thread.c.obj)
                0x0e035810                z_setup_new_thread
 .text.z_impl_k_thread_create
                0x0e03588c       0x58 zephyr/kernel/libkernel.a(thread.c.obj)
                0x0e03588c                z_impl_k_thread_create
 .text.z_dummy_thread_init
                0x0e0358e4       0x18 zephyr/kernel/libkernel.a(thread.c.obj)
                0x0e0358e4                z_dummy_thread_init
 .text.z_swap_irqlock
                0x0e0358fc       0x34 zephyr/kernel/libkernel.a(sched.c.obj)
 .text.ready_thread
                0x0e035930       0x80 zephyr/kernel/libkernel.a(sched.c.obj)
 .text.unready_thread
                0x0e0359b0       0x54 zephyr/kernel/libkernel.a(sched.c.obj)
 .text.add_thread_timeout
                0x0e035a04       0x1c zephyr/kernel/libkernel.a(sched.c.obj)
 .text.reschedule.isra.0
                0x0e035a20       0x28 zephyr/kernel/libkernel.a(sched.c.obj)
 .text.move_current_to_end_of_prio_q
                0x0e035a48       0x6c zephyr/kernel/libkernel.a(sched.c.obj)
                0x0e035a48                move_current_to_end_of_prio_q
 .text.z_pend_curr
                0x0e035ab4       0x44 zephyr/kernel/libkernel.a(sched.c.obj)
                0x0e035ab4                z_pend_curr
 .text.z_thread_prio_set
                0x0e035af8       0xd8 zephyr/kernel/libkernel.a(sched.c.obj)
                0x0e035af8                z_thread_prio_set
 .text.z_reschedule_irqlock
                0x0e035bd0       0x28 zephyr/kernel/libkernel.a(sched.c.obj)
                0x0e035bd0                z_reschedule_irqlock
 .text.k_sched_lock
                0x0e035bf8       0x28 zephyr/kernel/libkernel.a(sched.c.obj)
                0x0e035bf8                k_sched_lock
 .text.k_sched_unlock
                0x0e035c20       0x54 zephyr/kernel/libkernel.a(sched.c.obj)
                0x0e035c20                k_sched_unlock
 .text.z_sched_init
                0x0e035c74       0x10 zephyr/kernel/libkernel.a(sched.c.obj)
                0x0e035c74                z_sched_init
 .text.z_impl_k_yield
                0x0e035c84       0x84 zephyr/kernel/libkernel.a(sched.c.obj)
                0x0e035c84                z_impl_k_yield
 .text.z_tick_sleep
                0x0e035d08       0x78 zephyr/kernel/libkernel.a(sched.c.obj)
 .text.z_impl_k_sched_current_thread_query
                0x0e035d80        0xc zephyr/kernel/libkernel.a(sched.c.obj)
                0x0e035d80                z_impl_k_sched_current_thread_query
 .text.z_thread_abort
                0x0e035d8c      0x13c zephyr/kernel/libkernel.a(sched.c.obj)
                0x0e035d8c                z_thread_abort
 .text.z_sched_wait
                0x0e035ec8       0x24 zephyr/kernel/libkernel.a(sched.c.obj)
                0x0e035ec8                z_sched_wait
 .text.z_time_slice_size
                0x0e035eec       0x40 zephyr/kernel/libkernel.a(timeslicing.c.obj)
 .text.slice_timeout
                0x0e035f2c       0x20 zephyr/kernel/libkernel.a(timeslicing.c.obj)
 .text.z_reset_time_slice
                0x0e035f4c       0x44 zephyr/kernel/libkernel.a(timeslicing.c.obj)
                0x0e035f4c                z_reset_time_slice
 .text.z_time_slice
                0x0e035f90       0x5c zephyr/kernel/libkernel.a(timeslicing.c.obj)
                0x0e035f90                z_time_slice
 .text.first    0x0e035fec       0x10 zephyr/kernel/libkernel.a(timeout.c.obj)
 .text.elapsed  0x0e035ffc       0x14 zephyr/kernel/libkernel.a(timeout.c.obj)
 .text.remove_timeout
                0x0e036010       0x38 zephyr/kernel/libkernel.a(timeout.c.obj)
 .text.z_add_timeout
                0x0e036048      0x120 zephyr/kernel/libkernel.a(timeout.c.obj)
                0x0e036048                z_add_timeout
 .text.sys_clock_announce_locked
                0x0e036168       0xb8 zephyr/kernel/libkernel.a(timeout.c.obj)
                0x0e036168                sys_clock_announce_locked
 .text.sys_clock_tick_get
                0x0e036220       0x30 zephyr/kernel/libkernel.a(timeout.c.obj)
                0x0e036220                sys_clock_tick_get
 .text.k_event_post_internal
                0x0e036250       0x4c zephyr/kernel/libkernel.a(events.c.obj)
 .text.boot_banner
                0x0e03629c        0xc zephyr/kernel/libkernel.a(banner.c.obj)
                0x0e03629c                boot_banner
 .text.k_sys_work_q_init
                0x0e0362a8       0x2c zephyr/kernel/libkernel.a(system_work_q.c.obj)
 .text.__l_vfprintf
                0x0e0362d4      0x484 /home/sebo/bin/zephyr-sdk-1.0.1/gnu/arm-zephyr-eabi/bin/../lib/gcc/arm-zephyr-eabi/14.3.0/../../../../arm-zephyr-eabi/lib/thumb/v8-m.main/nofp/space/libc.a(libc_tinystdio_vflprintf.c.o)
                0x0e0362d4                __l_vfprintf
 .text._OffsetAbsSyms
                0x0e036758        0x2 zephyr/CMakeFiles/offsets.dir/./arch/arm/core/offsets/offsets.c.obj
                0x0e036758                _OffsetAbsSyms
 .text.z_log_msg_runtime_create.constprop.0
                0x0e03675a       0x1e app/libapp.a(main.c.obj)
 .text.chunk_field
                0x0e036778       0x16 zephyr/libzephyr.a(heap.c.obj)
 .text.chunk_set
                0x0e03678e       0x16 zephyr/libzephyr.a(heap.c.obj)
 .text.chunk_size
                0x0e0367a4        0xc zephyr/libzephyr.a(heap.c.obj)
 .text.set_chunk_used
                0x0e0367b0       0x30 zephyr/libzephyr.a(heap.c.obj)
 .text.set_chunk_size
                0x0e0367e0        0x8 zephyr/libzephyr.a(heap.c.obj)
 .text.undersized_chunk
                0x0e0367e8       0x1c zephyr/libzephyr.a(heap.c.obj)
 .text.bucket_idx
                0x0e036804       0x14 zephyr/libzephyr.a(heap.c.obj)
 .text.free_list_add
                0x0e036818       0x82 zephyr/libzephyr.a(heap.c.obj)
 .text.sys_heap_init
                0x0e03689a       0xa4 zephyr/libzephyr.a(heap.c.obj)
                0x0e03689a                sys_heap_init
 .text.cbpprintf_external
                0x0e03693e       0x62 zephyr/libzephyr.a(cbprintf_packaged.c.obj)
                0x0e03693e                cbpprintf_external
 .text.arch_printk_char_out
                0x0e0369a0        0x4 zephyr/libzephyr.a(printk.c.obj)
                0x0e0369a0                arch_printk_char_out
 .text.printk   0x0e0369a4       0x1a zephyr/libzephyr.a(printk.c.obj)
                0x0e0369a4                printk
 .text.setup_bundle_data.isra.0
                0x0e0369be       0x3a zephyr/libzephyr.a(bitarray.c.obj)
 .text.match_region
                0x0e0369f8       0x64 zephyr/libzephyr.a(bitarray.c.obj)
 .text.set_region
                0x0e036a5c       0x90 zephyr/libzephyr.a(bitarray.c.obj)
 .text.sys_bitarray_set_bit
                0x0e036aec       0x3e zephyr/libzephyr.a(bitarray.c.obj)
                0x0e036aec                sys_bitarray_set_bit
 .text.sys_bitarray_clear_bit
                0x0e036b2a       0x40 zephyr/libzephyr.a(bitarray.c.obj)
                0x0e036b2a                sys_bitarray_clear_bit
 .text.sys_bitarray_test_bit
                0x0e036b6a       0x42 zephyr/libzephyr.a(bitarray.c.obj)
                0x0e036b6a                sys_bitarray_test_bit
 .text.sys_bitarray_test_and_set_bit
                0x0e036bac       0x4e zephyr/libzephyr.a(bitarray.c.obj)
                0x0e036bac                sys_bitarray_test_and_set_bit
 .text.sys_bitarray_alloc
                0x0e036bfa       0xcc zephyr/libzephyr.a(bitarray.c.obj)
                0x0e036bfa                sys_bitarray_alloc
 .text.sys_bitarray_free
                0x0e036cc6       0x9c zephyr/libzephyr.a(bitarray.c.obj)
                0x0e036cc6                sys_bitarray_free
 .text.bitmask_find_gap
                0x0e036d62       0x76 zephyr/libzephyr.a(bitmask.c.obj)
                0x0e036d62                bitmask_find_gap
 .text._ConfigAbsSyms
                0x0e036dd8        0x2 zephyr/libzephyr.a(configs.c.obj)
                0x0e036dd8                _ConfigAbsSyms
 .text.z_log_msg_runtime_create.constprop.0
                0x0e036dda       0x20 zephyr/libzephyr.a(ipc_service.c.obj)
 .text.backend_init
                0x0e036dfa        0x4 zephyr/libzephyr.a(ipc_icmsg.c.obj)
 .text.deregister_ept
                0x0e036dfe        0x8 zephyr/libzephyr.a(ipc_icmsg.c.obj)
 .text.register_ept
                0x0e036e06       0x18 zephyr/libzephyr.a(ipc_icmsg.c.obj)
 .text.send     0x0e036e1e        0x8 zephyr/libzephyr.a(ipc_icmsg.c.obj)
 .text.deregister_ept
                0x0e036e26       0x1e zephyr/libzephyr.a(ipc_icbmsg.c.obj)
 .text.get_tx_buffer_size
                0x0e036e44        0xc zephyr/libzephyr.a(ipc_icbmsg.c.obj)
 .text.z_log_msg_runtime_create.constprop.0
                0x0e036e50       0x20 zephyr/libzephyr.a(ipc_icbmsg.c.obj)
 .text.hold_rx_buffer
                0x0e036e70       0x1c zephyr/libzephyr.a(ipc_icbmsg.c.obj)
 .text.get_tx_buffer
                0x0e036e8c       0x1a zephyr/libzephyr.a(ipc_icbmsg.c.obj)
 .text.k_mutex_unlock.isra.0
                0x0e036ea6        0x4 zephyr/libzephyr.a(ipc_icbmsg.c.obj)
 .text.send_release
                0x0e036eaa       0x28 zephyr/libzephyr.a(ipc_icbmsg.c.obj)
 .text.release_rx_buffer
                0x0e036ed2       0x14 zephyr/libzephyr.a(ipc_icbmsg.c.obj)
 .text.release_tx_buffer
                0x0e036ee6       0x2c zephyr/libzephyr.a(ipc_icbmsg.c.obj)
 .text.drop_tx_buffer
                0x0e036f12       0x14 zephyr/libzephyr.a(ipc_icbmsg.c.obj)
 .text.send_block
                0x0e036f26       0x48 zephyr/libzephyr.a(ipc_icbmsg.c.obj)
 .text.send_nocopy
                0x0e036f6e       0x42 zephyr/libzephyr.a(ipc_icbmsg.c.obj)
 .text.send     0x0e036fb0       0x4e zephyr/libzephyr.a(ipc_icbmsg.c.obj)
 .text.atomic_set
                0x0e036ffe       0x10 zephyr/libzephyr.a(icmsg.c.obj)
 .text.mbox_send_dt.constprop.0
                0x0e03700e       0x14 zephyr/libzephyr.a(icmsg.c.obj)
 .text.icmsg_close
                0x0e037022       0x6a zephyr/libzephyr.a(icmsg.c.obj)
                0x0e037022                icmsg_close
 .text.icmsg_send
                0x0e03708c       0x72 zephyr/libzephyr.a(icmsg.c.obj)
                0x0e03708c                icmsg_send
 .text.validate_cfg
                0x0e0370fe       0x66 zephyr/libzephyr.a(pbuf.c.obj)
 .text.pbuf_tx_init
                0x0e037164       0x44 zephyr/libzephyr.a(pbuf.c.obj)
                0x0e037164                pbuf_tx_init
 .text.pbuf_rx_init
                0x0e0371a8       0x18 zephyr/libzephyr.a(pbuf.c.obj)
                0x0e0371a8                pbuf_rx_init
 .text.pbuf_write
                0x0e0371c0       0xe8 zephyr/libzephyr.a(pbuf.c.obj)
                0x0e0371c0                pbuf_write
 .text.pbuf_get_initial_buf
                0x0e0372a8       0x72 zephyr/libzephyr.a(pbuf.c.obj)
                0x0e0372a8                pbuf_get_initial_buf
 .text.pbuf_read
                0x0e03731a       0xf4 zephyr/libzephyr.a(pbuf.c.obj)
                0x0e03731a                pbuf_read
 .text.pbuf_handshake_read
                0x0e03740e       0x16 zephyr/libzephyr.a(pbuf.c.obj)
                0x0e03740e                pbuf_handshake_read
 .text.pbuf_handshake_write
                0x0e037424       0x10 zephyr/libzephyr.a(pbuf.c.obj)
                0x0e037424                pbuf_handshake_write
 .text.dummy_timestamp
                0x0e037434        0x4 zephyr/libzephyr.a(log_core.c.obj)
 .text.default_get_timestamp
                0x0e037438        0x4 zephyr/libzephyr.a(log_core.c.obj)
 .text.atomic_inc
                0x0e03743c       0x12 zephyr/libzephyr.a(log_core.c.obj)
 .text.enable_logger
                0x0e03744e        0xe zephyr/libzephyr.a(log_core.c.obj)
 .text.z_log_vprintk
                0x0e03745c       0x1c zephyr/libzephyr.a(log_core.c.obj)
                0x0e03745c                z_log_vprintk
 .text.z_log_notify_backend_enabled
                0x0e037478        0x2 zephyr/libzephyr.a(log_core.c.obj)
                0x0e037478                z_log_notify_backend_enabled
 .text.z_log_get_tag
                0x0e03747a        0x4 zephyr/libzephyr.a(log_core.c.obj)
                0x0e03747a                z_log_get_tag
 .text.log_backend_enable
                0x0e03747e       0x12 zephyr/libzephyr.a(log_mgmt.c.obj)
                0x0e03747e                log_backend_enable
 .text.z_log_msg_finalize
                0x0e037490       0x32 zephyr/libzephyr.a(log_msg.c.obj)
                0x0e037490                z_log_msg_finalize
 .text.z_log_msg_runtime_create.constprop.0
                0x0e0374c2       0x20 zephyr/libzephyr.a(log_msg.c.obj)
 .text.log_output_write
                0x0e0374e2       0x1c zephyr/libzephyr.a(log_output.c.obj)
 .text.out_func
                0x0e0374fe       0x1c zephyr/libzephyr.a(log_output.c.obj)
 .text.cr_out_func
                0x0e03751a       0x1c zephyr/libzephyr.a(log_output.c.obj)
 .text.log_output_msg_process
                0x0e037536       0x6c zephyr/libzephyr.a(log_output.c.obj)
                0x0e037536                log_output_msg_process
 .text.format_set
                0x0e0375a2        0xc zephyr/libzephyr.a(log_backend_uart.c.obj)
 .text.log_backend_uart_init
                0x0e0375ae        0xc zephyr/libzephyr.a(log_backend_uart.c.obj)
 .text.panic    0x0e0375ba       0x32 zephyr/libzephyr.a(log_backend_uart.c.obj)
 .text.process  0x0e0375ec       0x1e zephyr/libzephyr.a(log_backend_uart.c.obj)
 .text.arch_early_memset
                0x0e03760a        0x4 zephyr/arch/common/libarch__common.a(init.c.obj)
                0x0e03760a                arch_early_memset
 .text.arch_early_memcpy
                0x0e03760e        0x4 zephyr/arch/common/libarch__common.a(init.c.obj)
                0x0e03760e                arch_early_memcpy
 .text.z_log_msg_runtime_create.constprop.0
                0x0e037612       0x20 zephyr/arch/arch/arm/core/libarch__arm__core.a(fatal.c.obj)
 .text.z_do_kernel_oops
                0x0e037632        0x8 zephyr/arch/arch/arm/core/libarch__arm__core.a(fatal.c.obj)
                0x0e037632                z_do_kernel_oops
 .text.z_arm_nmi
                0x0e03763a        0xe zephyr/arch/arch/arm/core/libarch__arm__core.a(nmi.c.obj)
                0x0e03763a                z_arm_nmi
 .text.z_log_msg_runtime_create.constprop.0
                0x0e037648       0x20 zephyr/arch/arch/arm/core/cortex_m/libarch__arm__core__cortex_m.a(fault.c.obj)
 .text.z_irq_spurious
                0x0e037668        0x8 zephyr/arch/arch/arm/core/cortex_m/libarch__arm__core__cortex_m.a(irq_manage.c.obj)
                0x0e037668                z_irq_spurious
 .text.configure_builtin_stack_guard
                0x0e037670        0x8 zephyr/arch/arch/arm/core/cortex_m/libarch__arm__core__cortex_m.a(thread.c.obj)
                0x0e037670                configure_builtin_stack_guard
 .text.arch_coprocessors_disable
                0x0e037678        0x6 zephyr/arch/arch/arm/core/cortex_m/libarch__arm__core__cortex_m.a(thread.c.obj)
                0x0e037678                arch_coprocessors_disable
 .text.arch_irq_unlock_outlined
                0x0e03767e        0xe zephyr/arch/arch/arm/core/cortex_m/libarch__arm__core__cortex_m.a(thread.c.obj)
                0x0e03767e                arch_irq_unlock_outlined
 .text.arch_cpu_idle
                0x0e03768c       0x1a zephyr/arch/arch/arm/core/cortex_m/libarch__arm__core__cortex_m.a(cpu_idle.c.obj)
                0x0e03768c                arch_cpu_idle
 .text.arm_cmse_mpu_region_get
                0x0e0376a6       0x12 zephyr/arch/arch/arm/core/cortex_m/cmse/libarch__arm__core__cortex_m__cmse.a(arm_core_cmse.c.obj)
                0x0e0376a6                arm_cmse_mpu_region_get
 .text.z_log_msg_runtime_create.constprop.0
                0x0e0376b8       0x20 zephyr/arch/arch/arm/core/mpu/libarch__arm__core__mpu.a(arm_mpu.c.obj)
 .text.mpu_configure_region
                0x0e0376d8       0x32 zephyr/arch/arch/arm/core/mpu/libarch__arm__core__mpu.a(arm_mpu.c.obj)
 .text.cbputc   0x0e03770a        0xc zephyr/lib/libc/picolibc/liblib__libc__picolibc.a(cbprintf.c.obj)
 .text.picolibc_put
                0x0e037716        0xa zephyr/lib/libc/picolibc/liblib__libc__picolibc.a(stdio.c.obj)
 .text.sys_slist_find_and_remove
                0x0e037720       0x36 zephyr/soc/soc/nrf54h20/libsoc__nordic.a(soc_lrcconf.c.obj)
 .text.wait_for_cache
                0x0e037756        0xa zephyr/drivers/cache/libdrivers__cache.a(cache_nrf.c.obj)
 .text._cache_checks.constprop.0
                0x0e037760       0x5c zephyr/drivers/cache/libdrivers__cache.a(cache_nrf.c.obj)
 .text.gpio_nrfx_port_get_raw
                0x0e0377bc        0xc zephyr/drivers/gpio/libdrivers__gpio.a(gpio_nrfx.c.obj)
 .text.gpio_nrfx_port_set_masked_raw
                0x0e0377c8       0x1e zephyr/drivers/gpio/libdrivers__gpio.a(gpio_nrfx.c.obj)
 .text.gpio_nrfx_port_set_bits_raw
                0x0e0377e6       0x12 zephyr/drivers/gpio/libdrivers__gpio.a(gpio_nrfx.c.obj)
 .text.gpio_nrfx_port_clear_bits_raw
                0x0e0377f8       0x12 zephyr/drivers/gpio/libdrivers__gpio.a(gpio_nrfx.c.obj)
 .text.gpio_nrfx_port_toggle_bits
                0x0e03780a       0x1e zephyr/drivers/gpio/libdrivers__gpio.a(gpio_nrfx.c.obj)
 .text.gpio_nrfx_manage_callback
                0x0e037828       0x54 zephyr/drivers/gpio/libdrivers__gpio.a(gpio_nrfx.c.obj)
 .text.gpio_nrfx_gpiote_irq_handler
                0x0e03787c        0x4 zephyr/drivers/gpio/libdrivers__gpio.a(gpio_nrfx.c.obj)
                0x0e03787c                gpio_nrfx_gpiote_irq_handler
 .text.bellboard_rx_max_channels_get
                0x0e037880        0x4 zephyr/drivers/mbox/libdrivers__mbox.a(mbox_nrf_bellboard_rx.c.obj)
 .text.bellboard_tx_send
                0x0e037884       0x22 zephyr/drivers/mbox/libdrivers__mbox.a(mbox_nrf_bellboard_tx.c.obj)
 .text.bellboard_tx_mtu_get
                0x0e0378a6        0x4 zephyr/drivers/mbox/libdrivers__mbox.a(mbox_nrf_bellboard_tx.c.obj)
 .text.bellboard_tx_max_channels_get
                0x0e0378aa        0x4 zephyr/drivers/mbox/libdrivers__mbox.a(mbox_nrf_bellboard_tx.c.obj)
 .text.vevif_task_tx_mtu_get
                0x0e0378ae        0x4 zephyr/drivers/mbox/libdrivers__mbox.a(mbox_nrf_vevif_task_tx.c.obj)
 .text.vevif_task_tx_max_channels_get
                0x0e0378b2        0x6 zephyr/drivers/mbox/libdrivers__mbox.a(mbox_nrf_vevif_task_tx.c.obj)
 .text.vevif_task_tx_send
                0x0e0378b8       0x38 zephyr/drivers/mbox/libdrivers__mbox.a(mbox_nrf_vevif_task_tx.c.obj)
 .text.pinctrl_lookup_state
                0x0e0378f0       0x24 zephyr/drivers/pinctrl/libdrivers__pinctrl.a(common.c.obj)
                0x0e0378f0                pinctrl_lookup_state
 .text.nrf_gpio_pin_clock_set
                0x0e037914       0x26 zephyr/drivers/pinctrl/libdrivers__pinctrl.a(pinctrl_nrf.c.obj)
 .text.domain_init
                0x0e03793a       0x26 zephyr/drivers/power_domain/libdrivers__power_domain.a(power_domain_nrfs_gdpwr.c.obj)
 .text.uarte_nrfx_isr_int
                0x0e037960        0xa zephyr/drivers/serial/libdrivers__serial.a(uart_nrfx_uarte.c.obj)
 .text.uarte_nrfx_err_check
                0x0e03796a        0xe zephyr/drivers/serial/libdrivers__serial.a(uart_nrfx_uarte.c.obj)
 .text.uarte_nrfx_poll_in
                0x0e037978       0x26 zephyr/drivers/serial/libdrivers__serial.a(uart_nrfx_uarte.c.obj)
 .text.pinctrl_apply_state.isra.0
                0x0e03799e       0x1e zephyr/drivers/serial/libdrivers__serial.a(uart_nrfx_uarte.c.obj)
 .text.uarte_136_init
                0x0e0379bc       0xae zephyr/drivers/serial/libdrivers__serial.a(uart_nrfx_uarte.c.obj)
 .text.grtc_post_init
                0x0e037a6a        0x4 zephyr/drivers/timer/libdrivers__timer.a(nrf_grtc_timer.c.obj)
 .text.sys_clock_cycle_get_32
                0x0e037a6e        0x8 zephyr/drivers/timer/libdrivers__timer.a(nrf_grtc_timer.c.obj)
                0x0e037a6e                sys_clock_cycle_get_32
 .text.sys_clock_disable
                0x0e037a76        0x4 zephyr/drivers/timer/libdrivers__timer.a(nrf_grtc_timer.c.obj)
                0x0e037a76                sys_clock_disable
 .text.psa_crypto_init
                0x0e037a7a        0x4 modules/nrf/subsys/nrf_security/src/ssf_secdom/lib..__nrf__subsys__nrf_security__src__ssf_secdom.a(tfm_crypto_api.c.obj)
                0x0e037a7a                psa_crypto_init
 .text._psa_crypto_init
                0x0e037a7e       0x1e modules/nrf/subsys/nrf_security/src/zephyr/libmbedtls_zephyr.a(psa_crypto_init.c.obj)
 .text.ironside_se_counter_set
                0x0e037a9c       0x2a modules/hal_nordic/modules/hal_nordic/ironside/se/libmodules__hal_nordic__ironside__se.a(ironside_se_api.c.obj)
                0x0e037a9c                ironside_se_counter_set
 .text.ironside_se_counter_get
                0x0e037ac6       0x36 modules/hal_nordic/modules/hal_nordic/ironside/se/libmodules__hal_nordic__ironside__se.a(ironside_se_api.c.obj)
                0x0e037ac6                ironside_se_counter_get
 .text.ironside_se_snapshot_capture
                0x0e037afc       0x26 modules/hal_nordic/modules/hal_nordic/ironside/se/libmodules__hal_nordic__ironside__se.a(ironside_se_api.c.obj)
                0x0e037afc                ironside_se_snapshot_capture
 .text.ironside_se_snapshot_recovery
                0x0e037b22       0x22 modules/hal_nordic/modules/hal_nordic/ironside/se/libmodules__hal_nordic__ironside__se.a(ironside_se_api.c.obj)
                0x0e037b22                ironside_se_snapshot_recovery
 .text.nrfx_isr
                0x0e037b44        0x6 modules/hal_nordic/modules/hal_nordic/nrfx/libnrfx.a(nrfx_glue.c.obj)
                0x0e037b44                nrfx_isr
 .text.nrfx_busy_wait
                0x0e037b4a        0x4 modules/hal_nordic/modules/hal_nordic/nrfx/libnrfx.a(nrfx_glue.c.obj)
                0x0e037b4a                nrfx_busy_wait
 .text.nrfx_flag32_alloc
                0x0e037b4e       0x34 modules/hal_nordic/modules/hal_nordic/nrfx/libnrfx.a(nrfx_flag32_allocator.c.obj)
                0x0e037b4e                nrfx_flag32_alloc
 .text.nrfx_flag32_free
                0x0e037b82       0x32 modules/hal_nordic/modules/hal_nordic/nrfx/libnrfx.a(nrfx_flag32_allocator.c.obj)
                0x0e037b82                nrfx_flag32_free
 .text.nrf_gpio_reconfigure
                0x0e037bb4       0x92 modules/hal_nordic/modules/hal_nordic/nrfx/libnrfx.a(nrfx_gpiote.c.obj)
 .text.nrf_gpio_cfg_sense_set
                0x0e037c46       0x1e modules/hal_nordic/modules/hal_nordic/nrfx/libnrfx.a(nrfx_gpiote.c.obj)
 .text.pin_in_use_by_te
                0x0e037c64       0x16 modules/hal_nordic/modules/hal_nordic/nrfx/libnrfx.a(nrfx_gpiote.c.obj)
 .text.pin_is_output
                0x0e037c7a       0x16 modules/hal_nordic/modules/hal_nordic/nrfx/libnrfx.a(nrfx_gpiote.c.obj)
 .text.pin_te_get
                0x0e037c90       0x14 modules/hal_nordic/modules/hal_nordic/nrfx/libnrfx.a(nrfx_gpiote.c.obj)
 .text.call_handler
                0x0e037ca4       0x3e modules/hal_nordic/modules/hal_nordic/nrfx/libnrfx.a(nrfx_gpiote.c.obj)
 .text.release_handler
                0x0e037ce2       0x52 modules/hal_nordic/modules/hal_nordic/nrfx/libnrfx.a(nrfx_gpiote.c.obj)
 .text.__nrfy_internal_gpiote_events_process
                0x0e037d34       0x50 modules/hal_nordic/modules/hal_nordic/nrfx/libnrfx.a(nrfx_gpiote.c.obj)
 .text.pin_trigger_disable
                0x0e037d84       0x44 modules/hal_nordic/modules/hal_nordic/nrfx/libnrfx.a(nrfx_gpiote.c.obj)
 .text.nrfx_gpiote_input_configure
                0x0e037dc8      0x17c modules/hal_nordic/modules/hal_nordic/nrfx/libnrfx.a(nrfx_gpiote.c.obj)
                0x0e037dc8                nrfx_gpiote_input_configure
 .text.nrfx_gpiote_global_callback_set
                0x0e037f44        0x6 modules/hal_nordic/modules/hal_nordic/nrfx/libnrfx.a(nrfx_gpiote.c.obj)
                0x0e037f44                nrfx_gpiote_global_callback_set
 .text.nrfx_gpiote_channel_get
                0x0e037f4a       0x26 modules/hal_nordic/modules/hal_nordic/nrfx/libnrfx.a(nrfx_gpiote.c.obj)
                0x0e037f4a                nrfx_gpiote_channel_get
 .text.nrfx_gpiote_init
                0x0e037f70       0x38 modules/hal_nordic/modules/hal_nordic/nrfx/libnrfx.a(nrfx_gpiote.c.obj)
                0x0e037f70                nrfx_gpiote_init
 .text.nrfx_gpiote_init_check
                0x0e037fa8        0xc modules/hal_nordic/modules/hal_nordic/nrfx/libnrfx.a(nrfx_gpiote.c.obj)
                0x0e037fa8                nrfx_gpiote_init_check
 .text.nrfx_gpiote_pin_uninit
                0x0e037fb4        0x4 modules/hal_nordic/modules/hal_nordic/nrfx/libnrfx.a(nrfx_gpiote.c.obj)
                0x0e037fb4                nrfx_gpiote_pin_uninit
 .text.nrfx_gpiote_trigger_enable
                0x0e037fb8       0xa0 modules/hal_nordic/modules/hal_nordic/nrfx/libnrfx.a(nrfx_gpiote.c.obj)
                0x0e037fb8                nrfx_gpiote_trigger_enable
 .text.nrfx_gpiote_trigger_disable
                0x0e038058        0x4 modules/hal_nordic/modules/hal_nordic/nrfx/libnrfx.a(nrfx_gpiote.c.obj)
                0x0e038058                nrfx_gpiote_trigger_disable
 .text.nrfx_grtc_channel_alloc
                0x0e03805c        0x8 modules/hal_nordic/modules/hal_nordic/nrfx/libnrfx.a(nrfx_grtc.c.obj)
                0x0e03805c                nrfx_grtc_channel_alloc
 .text.nrfs_unsolicited_handler
                0x0e038064        0x2 modules/hal_nordic/modules/hal_nordic/nrfs/libmodules__hal_nordic__nrfs.a(nrfs_dispatcher.c.obj)
                0x0e038064                nrfs_unsolicited_handler
 .text.z_log_msg_runtime_create.constprop.0
                0x0e038066       0x20 modules/hal_nordic/modules/hal_nordic/nrfs/libmodules__hal_nordic__nrfs.a(nrfs_backend_ipc_service.c.obj)
 .text.nrfs_backend_send
                0x0e038086       0x14 modules/hal_nordic/modules/hal_nordic/nrfs/libmodules__hal_nordic__nrfs.a(nrfs_backend_ipc_service.c.obj)
                0x0e038086                nrfs_backend_send
 .text.ipc_sysctrl_ept_recv
                0x0e03809a       0x40 modules/hal_nordic/modules/hal_nordic/nrfs/libmodules__hal_nordic__nrfs.a(nrfs_backend_ipc_service.c.obj)
 .text.z_impl_k_busy_wait
                0x0e0380da        0x8 zephyr/kernel/libkernel.a(busy_wait.c.obj)
                0x0e0380da                z_impl_k_busy_wait
 .text.do_device_init
                0x0e0380e2       0x30 zephyr/kernel/libkernel.a(device.c.obj)
                0x0e0380e2                do_device_init
 .text.z_impl_device_is_ready
                0x0e038112       0x16 zephyr/kernel/libkernel.a(device.c.obj)
                0x0e038112                z_impl_device_is_ready
 .text.z_log_msg_runtime_create.constprop.0
                0x0e038128       0x20 zephyr/kernel/libkernel.a(fatal.c.obj)
 .text.arch_system_halt
                0x0e038148       0x10 zephyr/kernel/libkernel.a(fatal.c.obj)
                0x0e038148                arch_system_halt
 .text.k_heap_init
                0x0e038158       0x10 zephyr/kernel/libkernel.a(kheap.c.obj)
                0x0e038158                k_heap_init
 .text.idle     0x0e038168       0x16 zephyr/kernel/libkernel.a(idle.c.obj)
                0x0e038168                idle
 .text.unpend_thread_no_timeout
                0x0e03817e       0x1a zephyr/kernel/libkernel.a(msg_q.c.obj)
 .text.z_impl_k_msgq_put
                0x0e038198        0xe zephyr/kernel/libkernel.a(msg_q.c.obj)
                0x0e038198                z_impl_k_msgq_put
 .text.adjust_owner_prio.isra.0
                0x0e0381a6       0x10 zephyr/kernel/libkernel.a(mutex.c.obj)
 .text.z_impl_k_mutex_init
                0x0e0381b6        0xe zephyr/kernel/libkernel.a(mutex.c.obj)
                0x0e0381b6                z_impl_k_mutex_init
 .text.z_impl_k_sem_init
                0x0e0381c4       0x18 zephyr/kernel/libkernel.a(sem.c.obj)
                0x0e0381c4                z_impl_k_sem_init
 .text.flag_test_and_clear
                0x0e0381dc       0x16 zephyr/kernel/libkernel.a(work.c.obj)
 .text.notify_queue_locked.isra.0
                0x0e0381f2        0xe zephyr/kernel/libkernel.a(work.c.obj)
 .text.cancel_async_locked
                0x0e038200       0x66 zephyr/kernel/libkernel.a(work.c.obj)
 .text.k_work_init
                0x0e038266       0x12 zephyr/kernel/libkernel.a(work.c.obj)
                0x0e038266                k_work_init
 .text.z_work_submit_to_queue
                0x0e038278       0x26 zephyr/kernel/libkernel.a(work.c.obj)
                0x0e038278                z_work_submit_to_queue
 .text.k_work_submit_to_queue
                0x0e03829e       0x20 zephyr/kernel/libkernel.a(work.c.obj)
                0x0e03829e                k_work_submit_to_queue
 .text.k_work_cancel
                0x0e0382be       0x1e zephyr/kernel/libkernel.a(work.c.obj)
                0x0e0382be                k_work_cancel
 .text.k_work_queue_init
                0x0e0382dc        0xc zephyr/kernel/libkernel.a(work.c.obj)
                0x0e0382dc                k_work_queue_init
 .text.k_is_in_isr
                0x0e0382e8        0xc zephyr/kernel/libkernel.a(thread.c.obj)
                0x0e0382e8                k_is_in_isr
 .text.z_impl_k_thread_name_set
                0x0e0382f4        0x6 zephyr/kernel/libkernel.a(thread.c.obj)
                0x0e0382f4                z_impl_k_thread_name_set
 .text.k_thread_name_get
                0x0e0382fa        0x4 zephyr/kernel/libkernel.a(thread.c.obj)
                0x0e0382fa                k_thread_name_get
 .text.sys_dlist_remove
                0x0e0382fe       0x10 zephyr/kernel/libkernel.a(sched.c.obj)
 .text.unpend_thread_no_timeout
                0x0e03830e       0x14 zephyr/kernel/libkernel.a(sched.c.obj)
 .text.add_to_waitq_locked
                0x0e038322       0x4c zephyr/kernel/libkernel.a(sched.c.obj)
 .text.z_ready_thread
                0x0e03836e       0x1e zephyr/kernel/libkernel.a(sched.c.obj)
                0x0e03836e                z_ready_thread
 .text.z_sched_wake_thread_locked
                0x0e03838c       0x28 zephyr/kernel/libkernel.a(sched.c.obj)
                0x0e03838c                z_sched_wake_thread_locked
 .text.z_thread_timeout
                0x0e0383b4       0x20 zephyr/kernel/libkernel.a(sched.c.obj)
                0x0e0383b4                z_thread_timeout
 .text.z_reschedule
                0x0e0383d4        0x6 zephyr/kernel/libkernel.a(sched.c.obj)
                0x0e0383d4                z_reschedule
 .text.z_impl_k_sleep
                0x0e0383da       0x38 zephyr/kernel/libkernel.a(sched.c.obj)
                0x0e0383da                z_impl_k_sleep
 .text.z_impl_k_usleep
                0x0e038412       0x1a zephyr/kernel/libkernel.a(sched.c.obj)
                0x0e038412                z_impl_k_usleep
 .text.z_impl_k_wakeup
                0x0e03842c       0x40 zephyr/kernel/libkernel.a(sched.c.obj)
                0x0e03842c                z_impl_k_wakeup
 .text.z_sched_wake
                0x0e03846c       0x46 zephyr/kernel/libkernel.a(sched.c.obj)
                0x0e03846c                z_sched_wake
 .text.z_sched_waitq_walk
                0x0e0384b2       0x68 zephyr/kernel/libkernel.a(sched.c.obj)
                0x0e0384b2                z_sched_waitq_walk
 .text.next_timeout
                0x0e03851a       0x2e zephyr/kernel/libkernel.a(timeout.c.obj)
 .text.z_abort_timeout
                0x0e038548       0x6a zephyr/kernel/libkernel.a(timeout.c.obj)
                0x0e038548                z_abort_timeout
 .text.sys_clock_tick_get_32
                0x0e0385b2        0x8 zephyr/kernel/libkernel.a(timeout.c.obj)
                0x0e0385b2                sys_clock_tick_get_32
 .text.k_event_wait_internal
                0x0e0385ba       0x86 zephyr/kernel/libkernel.a(events.c.obj)
 .text.event_walk_op
                0x0e038640       0x40 zephyr/kernel/libkernel.a(events.c.obj)
 .text.z_impl_k_event_post
                0x0e038680        0x6 zephyr/kernel/libkernel.a(events.c.obj)
                0x0e038680                z_impl_k_event_post
 .text.z_impl_k_event_set
                0x0e038686        0x8 zephyr/kernel/libkernel.a(events.c.obj)
                0x0e038686                z_impl_k_event_set
 .text.z_impl_k_event_clear
                0x0e03868e        0x8 zephyr/kernel/libkernel.a(events.c.obj)
                0x0e03868e                z_impl_k_event_clear
 .text.z_impl_k_event_wait
                0x0e038696        0x6 zephyr/kernel/libkernel.a(events.c.obj)
                0x0e038696                z_impl_k_event_wait
 .text.memcpy   0x0e03869c       0x1a /home/sebo/bin/zephyr-sdk-1.0.1/gnu/arm-zephyr-eabi/bin/../lib/gcc/arm-zephyr-eabi/14.3.0/../../../../arm-zephyr-eabi/lib/thumb/v8-m.main/nofp/space/libc.a(memcpy.c.o)
                0x0e03869c                memcpy
                0x0e03869c                __aeabi_memcpy
                0x0e03869c                __aeabi_memcpy4
                0x0e03869c                __aeabi_memcpy8
 .text.memset   0x0e0386b6       0x10 /home/sebo/bin/zephyr-sdk-1.0.1/gnu/arm-zephyr-eabi/bin/../lib/gcc/arm-zephyr-eabi/14.3.0/../../../../arm-zephyr-eabi/lib/thumb/v8-m.main/nofp/space/libc.a(memset.c.o)
                0x0e0386b6                memset
 .text.memcmp   0x0e0386c6       0x20 /home/sebo/bin/zephyr-sdk-1.0.1/gnu/arm-zephyr-eabi/bin/../lib/gcc/arm-zephyr-eabi/14.3.0/../../../../arm-zephyr-eabi/lib/thumb/v8-m.main/nofp/space/libc.a(libc_string_memcmp.c.o)
                0x0e0386c6                memcmp
 .text.strncmp  0x0e0386e6       0x24 /home/sebo/bin/zephyr-sdk-1.0.1/gnu/arm-zephyr-eabi/bin/../lib/gcc/arm-zephyr-eabi/14.3.0/../../../../arm-zephyr-eabi/lib/thumb/v8-m.main/nofp/space/libc.a(libc_string_strncmp.c.o)
                0x0e0386e6                strncmp
 .text.strnlen  0x0e03870a       0x18 /home/sebo/bin/zephyr-sdk-1.0.1/gnu/arm-zephyr-eabi/bin/../lib/gcc/arm-zephyr-eabi/14.3.0/../../../../arm-zephyr-eabi/lib/thumb/v8-m.main/nofp/space/libc.a(libc_string_strnlen.c.o)
                0x0e03870a                strnlen
 .text.__ultoa_invert
                0x0e038722       0xac /home/sebo/bin/zephyr-sdk-1.0.1/gnu/arm-zephyr-eabi/bin/../lib/gcc/arm-zephyr-eabi/14.3.0/../../../../arm-zephyr-eabi/lib/thumb/v8-m.main/nofp/space/libc.a(libc_tinystdio_vflprintf.c.o)
 *(SORT_BY_ALIGNMENT(.gnu.linkonce.t.*))
 *(SORT_BY_ALIGNMENT(.glue_7t))
 .glue_7t       0x0e0387ce        0x0 linker stubs
 *(SORT_BY_ALIGNMENT(.glue_7))
 .glue_7        0x0e0387ce        0x0 linker stubs
 *(SORT_BY_ALIGNMENT(.vfp11_veneer))
 .vfp11_veneer  0x0e0387ce        0x0 linker stubs
 *(SORT_BY_ALIGNMENT(.v4_bx))
 .v4_bx         0x0e0387ce        0x0 linker stubs
                0x0e0387d0                        . = ALIGN (0x4)
 *fill*         0x0e0387ce        0x2 
                0x0e0387d0                        __text_region_end = .

.ARM.exidx      0x0e0387d0        0x8
                0x0e0387d0                        __exidx_start = .
 *(SORT_BY_ALIGNMENT(.ARM.exidx*) SORT_BY_ALIGNMENT(gnu.linkonce.armexidx.*))
 .ARM.exidx     0x0e0387d0        0x8 /home/sebo/bin/zephyr-sdk-1.0.1/gnu/arm-zephyr-eabi/bin/../lib/gcc/arm-zephyr-eabi/14.3.0/thumb/v8-m.main/nofp/space/libgcc.a(_udivmoddi4.o)
                0x0e0387d8                        __exidx_end = .
                0x0e0387d8                        __rodata_region_start = .

initlevel       0x0e0387d8       0xd0
                0x0e0387d8                        __init_start = .
                0x0e0387d8                        __init_EARLY_start = .
 *(SORT_BY_NAME(SORT_BY_ALIGNMENT(.z_init_EARLY_P_?_*)))
 .z_init_EARLY_P_1_SUB_0_
                0x0e0387d8        0x8 zephyr/drivers/timer/libdrivers__timer.a(nrf_grtc_timer.c.obj)
 *(SORT_BY_NAME(SORT_BY_ALIGNMENT(.z_init_EARLY_P_??_*)))
 *(SORT_BY_NAME(SORT_BY_ALIGNMENT(.z_init_EARLY_P_???_*)))
                0x0e0387e0                        __init_PRE_KERNEL_1_start = .
 *(SORT_BY_NAME(SORT_BY_ALIGNMENT(.z_init_PRE_KERNEL_1_P_?_*)))
 .z_init_PRE_KERNEL_1_P_0_SUB_00038_
                0x0e0387e0        0x8 zephyr/drivers/power_domain/libdrivers__power_domain.a(power_domain_nrfs_gdpwr.c.obj)
 .z_init_PRE_KERNEL_1_P_0_SUB_00039_
                0x0e0387e8        0x8 zephyr/drivers/power_domain/libdrivers__power_domain.a(power_domain_nrfs_gdpwr.c.obj)
 .z_init_PRE_KERNEL_1_P_0_SUB_00040_
                0x0e0387f0        0x8 zephyr/drivers/power_domain/libdrivers__power_domain.a(power_domain_nrfs_gdpwr.c.obj)
 .z_init_PRE_KERNEL_1_P_0_SUB_00041_
                0x0e0387f8        0x8 zephyr/drivers/power_domain/libdrivers__power_domain.a(power_domain_nrfs_gdpwr.c.obj)
 .z_init_PRE_KERNEL_1_P_0_SUB_00042_
                0x0e038800        0x8 zephyr/drivers/power_domain/libdrivers__power_domain.a(power_domain_nrfs_gdpwr.c.obj)
 *(SORT_BY_NAME(SORT_BY_ALIGNMENT(.z_init_PRE_KERNEL_1_P_??_*)))
 .z_init_PRE_KERNEL_1_P_30_SUB_0_
                0x0e038808        0x8 zephyr/kernel/libkernel.a(kheap.c.obj)
 .z_init_PRE_KERNEL_1_P_40_SUB_00012_
                0x0e038810        0x8 zephyr/drivers/gpio/libdrivers__gpio.a(gpio_nrfx.c.obj)
 .z_init_PRE_KERNEL_1_P_40_SUB_00075_
                0x0e038818        0x8 zephyr/drivers/gpio/libdrivers__gpio.a(gpio_nrfx.c.obj)
 .z_init_PRE_KERNEL_1_P_50_SUB_00228_
                0x0e038820        0x8 zephyr/drivers/serial/libdrivers__serial.a(uart_nrfx_uarte.c.obj)
 .z_init_PRE_KERNEL_1_P_60_SUB_0_
                0x0e038828        0x8 zephyr/drivers/console/libdrivers__console.a(uart_console.c.obj)
 *(SORT_BY_NAME(SORT_BY_ALIGNMENT(.z_init_PRE_KERNEL_1_P_???_*)))
                0x0e038830                        __init_PRE_KERNEL_2_start = .
 *(SORT_BY_NAME(SORT_BY_ALIGNMENT(.z_init_PRE_KERNEL_2_P_?_*)))
 .z_init_PRE_KERNEL_2_P_0_SUB_0_
                0x0e038830        0x8 zephyr/drivers/timer/libdrivers__timer.a(nrf_grtc_timer.c.obj)
 *(SORT_BY_NAME(SORT_BY_ALIGNMENT(.z_init_PRE_KERNEL_2_P_??_*)))
 *(SORT_BY_NAME(SORT_BY_ALIGNMENT(.z_init_PRE_KERNEL_2_P_???_*)))
                0x0e038838                        __init_POST_KERNEL_start = .
 *(SORT_BY_NAME(SORT_BY_ALIGNMENT(.z_init_POST_KERNEL_P_?_*)))
 .z_init_POST_KERNEL_P_0_SUB_0_
                0x0e038838        0x8 zephyr/libzephyr.a(log_core.c.obj)
 *(SORT_BY_NAME(SORT_BY_ALIGNMENT(.z_init_POST_KERNEL_P_??_*)))
 .z_init_POST_KERNEL_P_35_SUB_0_
                0x0e038840        0x8 zephyr/lib/libc/common/liblib__libc__common.a(malloc.c.obj)
 .z_init_POST_KERNEL_P_40_SUB_00046_
                0x0e038848        0x8 zephyr/drivers/mbox/libdrivers__mbox.a(mbox_nrf_bellboard_tx.c.obj)
 .z_init_POST_KERNEL_P_40_SUB_00047_
                0x0e038850        0x8 zephyr/drivers/mbox/libdrivers__mbox.a(mbox_nrf_bellboard_rx.c.obj)
 .z_init_POST_KERNEL_P_40_SUB_00051_
                0x0e038858        0x8 zephyr/drivers/mbox/libdrivers__mbox.a(mbox_nrf_vevif_task_tx.c.obj)
 .z_init_POST_KERNEL_P_40_SUB_00072_
                0x0e038860        0x8 zephyr/drivers/mbox/libdrivers__mbox.a(mbox_nrf_bellboard_tx.c.obj)
 .z_init_POST_KERNEL_P_40_SUB_0_
                0x0e038868        0x8 zephyr/libzephyr.a(icmsg.c.obj)
 .z_init_POST_KERNEL_P_40_SUB_0_
                0x0e038870        0x8 zephyr/kernel/libkernel.a(system_work_q.c.obj)
 .z_init_POST_KERNEL_P_41_SUB_00048_
                0x0e038878        0x8 modules/hal_nordic/modules/hal_nordic/ironside/se/libmodules__hal_nordic__ironside__se.a(call.c.obj)
 .z_init_POST_KERNEL_P_46_SUB_00052_
                0x0e038880        0x8 zephyr/libzephyr.a(ipc_icmsg.c.obj)
 .z_init_POST_KERNEL_P_46_SUB_00073_
                0x0e038888        0x8 zephyr/libzephyr.a(ipc_icbmsg.c.obj)
 .z_init_POST_KERNEL_P_50_SUB_0_
                0x0e038890        0x8 modules/nrf/subsys/nrf_security/src/zephyr/libmbedtls_zephyr.a(psa_crypto_init.c.obj)
 .z_init_POST_KERNEL_P_51_SUB_0_
                0x0e038898        0x8 modules/hal_nordic/modules/hal_nordic/nrfs/libmodules__hal_nordic__nrfs.a(nrfs_backend_ipc_service.c.obj)
 *(SORT_BY_NAME(SORT_BY_ALIGNMENT(.z_init_POST_KERNEL_P_???_*)))
                0x0e0388a0                        __init_APPLICATION_start = .
 *(SORT_BY_NAME(SORT_BY_ALIGNMENT(.z_init_APPLICATION_P_?_*)))
 *(SORT_BY_NAME(SORT_BY_ALIGNMENT(.z_init_APPLICATION_P_??_*)))
 .z_init_APPLICATION_P_90_SUB_0_
                0x0e0388a0        0x8 zephyr/drivers/power_domain/libdrivers__power_domain.a(power_domain_nrfs_gdpwr.c.obj)
 *(SORT_BY_NAME(SORT_BY_ALIGNMENT(.z_init_APPLICATION_P_???_*)))
                0x0e0388a8                        __init_SMP_start = .
 *(SORT_BY_NAME(SORT_BY_ALIGNMENT(.z_init_SMP_P_?_*)))
 *(SORT_BY_NAME(SORT_BY_ALIGNMENT(.z_init_SMP_P_??_*)))
 *(SORT_BY_NAME(SORT_BY_ALIGNMENT(.z_init_SMP_P_???_*)))
                0x0e0388a8                        __init_end = .

device_area     0x0e0388a8      0x1a4
                0x0e0388a8                        _device_list_start = .
 *(SORT_BY_NAME(SORT_BY_ALIGNMENT(._device.static.*_?_*)))
 ._device.static.1_0_
                0x0e0388a8       0x8c zephyr/drivers/power_domain/libdrivers__power_domain.a(power_domain_nrfs_gdpwr.c.obj)
                0x0e0388a8                __device_dts_ord_42
                0x0e0388c4                __device_dts_ord_41
                0x0e0388e0                __device_dts_ord_40
                0x0e0388fc                __device_dts_ord_39
                0x0e038918                __device_dts_ord_38
 *(SORT_BY_NAME(SORT_BY_ALIGNMENT(._device.static.*_??_*)))
 ._device.static.1_40_
                0x0e038934       0x38 zephyr/drivers/gpio/libdrivers__gpio.a(gpio_nrfx.c.obj)
                0x0e038934                __device_dts_ord_75
                0x0e038950                __device_dts_ord_12
 ._device.static.1_50_
                0x0e03896c       0x1c zephyr/drivers/serial/libdrivers__serial.a(uart_nrfx_uarte.c.obj)
                0x0e03896c                __device_dts_ord_228
 ._device.static.3_40_
                0x0e038988       0x1c zephyr/drivers/mbox/libdrivers__mbox.a(mbox_nrf_bellboard_rx.c.obj)
                0x0e038988                __device_dts_ord_47
 ._device.static.3_40_
                0x0e0389a4       0x38 zephyr/drivers/mbox/libdrivers__mbox.a(mbox_nrf_bellboard_tx.c.obj)
                0x0e0389a4                __device_dts_ord_72
                0x0e0389c0                __device_dts_ord_46
 ._device.static.3_40_
                0x0e0389dc       0x1c zephyr/drivers/mbox/libdrivers__mbox.a(mbox_nrf_vevif_task_tx.c.obj)
                0x0e0389dc                __device_dts_ord_51
 ._device.static.3_41_
                0x0e0389f8       0x1c modules/hal_nordic/modules/hal_nordic/ironside/se/libmodules__hal_nordic__ironside__se.a(call.c.obj)
                0x0e0389f8                __device_dts_ord_48
 ._device.static.3_46_
                0x0e038a14       0x1c zephyr/libzephyr.a(ipc_icmsg.c.obj)
                0x0e038a14                __device_dts_ord_52
 ._device.static.3_46_
                0x0e038a30       0x1c zephyr/libzephyr.a(ipc_icbmsg.c.obj)
                0x0e038a30                __device_dts_ord_73
 *(SORT_BY_NAME(SORT_BY_ALIGNMENT(._device.static.*_???_*)))
 *(SORT_BY_NAME(SORT_BY_ALIGNMENT(._device.static.*_????_*)))
 *(SORT_BY_NAME(SORT_BY_ALIGNMENT(._device.static.*_?????_*)))
                0x0e038a4c                        _device_list_end = .

sw_isr_table    0x0e038a4c      0xeb8
                0x0e038a4c                        . = ALIGN (0x4)
 *(SORT_BY_ALIGNMENT(.gnu.linkonce.sw_isr_table*))
 .gnu.linkonce.sw_isr_table
                0x0e038a4c      0xeb8 zephyr/CMakeFiles/zephyr_final.dir/isr_tables.c.obj
                0x0e038a4c                _sw_isr_table

initlevel_error
 *(SORT_BY_NAME(SORT_BY_ALIGNMENT(.z_init_*)))
                0x00000001                        ASSERT ((SIZEOF (initlevel_error) == 0x0), Undefined initialization levels used.)

app_shmem_regions
                0x0e039904        0x0
                0x0e039904                        __app_shmem_regions_start = .
 *(SORT_BY_NAME(SORT_BY_ALIGNMENT(.app_regions.*)))
                0x0e039904                        __app_shmem_regions_end = .

k_p4wq_initparam_area
                0x0e039904        0x0
                0x0e039904                        _k_p4wq_initparam_list_start = .
 *(SORT_BY_NAME(SORT_BY_ALIGNMENT(._k_p4wq_initparam.static.*)))
                0x0e039904                        _k_p4wq_initparam_list_end = .

_static_thread_data_area
                0x0e039904        0x0
                0x0e039904                        __static_thread_data_list_start = .
 *(SORT_BY_NAME(SORT_BY_ALIGNMENT(.__static_thread_data.static.*)))
                0x0e039904                        __static_thread_data_list_end = .

device_deps     0x0e039904        0x0
                0x0e039904                        __device_deps_start = .
 *(SORT_BY_NAME(SORT_BY_ALIGNMENT(.__device_deps_pass2*)))
                0x0e039904                        __device_deps_end = .

gpio_driver_api_area
                0x0e039904       0x24
                0x0e039904                        _gpio_driver_api_list_start = .
 *(SORT_BY_NAME(SORT_BY_ALIGNMENT(._gpio_driver_api.static.*)))
 ._gpio_driver_api.static.gpio_nrfx_drv_api_funcs_
                0x0e039904       0x24 zephyr/drivers/gpio/libdrivers__gpio.a(gpio_nrfx.c.obj)
                0x0e039928                        _gpio_driver_api_list_end = .

mbox_driver_api_area
                0x0e039928       0x3c
                0x0e039928                        _mbox_driver_api_list_start = .
 *(SORT_BY_NAME(SORT_BY_ALIGNMENT(._mbox_driver_api.static.*)))
 ._mbox_driver_api.static.bellboard_rx_driver_api_
                0x0e039928       0x14 zephyr/drivers/mbox/libdrivers__mbox.a(mbox_nrf_bellboard_rx.c.obj)
 ._mbox_driver_api.static.bellboard_tx_driver_api_
                0x0e03993c       0x14 zephyr/drivers/mbox/libdrivers__mbox.a(mbox_nrf_bellboard_tx.c.obj)
 ._mbox_driver_api.static.vevif_task_tx_driver_api_
                0x0e039950       0x14 zephyr/drivers/mbox/libdrivers__mbox.a(mbox_nrf_vevif_task_tx.c.obj)
                0x0e039964                        _mbox_driver_api_list_end = .

shared_irq_driver_api_area
                0x0e039964        0x0
                0x0e039964                        _shared_irq_driver_api_list_start = .
 *(SORT_BY_NAME(SORT_BY_ALIGNMENT(._shared_irq_driver_api.static.*)))
                0x0e039964                        _shared_irq_driver_api_list_end = .

crypto_driver_api_area
                0x0e039964        0x0
                0x0e039964                        _crypto_driver_api_list_start = .
 *(SORT_BY_NAME(SORT_BY_ALIGNMENT(._crypto_driver_api.static.*)))
                0x0e039964                        _crypto_driver_api_list_end = .

adc_driver_api_area
                0x0e039964        0x0
                0x0e039964                        _adc_driver_api_list_start = .
 *(SORT_BY_NAME(SORT_BY_ALIGNMENT(._adc_driver_api.static.*)))
                0x0e039964                        _adc_driver_api_list_end = .

auxdisplay_driver_api_area
                0x0e039964        0x0
                0x0e039964                        _auxdisplay_driver_api_list_start = .
 *(SORT_BY_NAME(SORT_BY_ALIGNMENT(._auxdisplay_driver_api.static.*)))
                0x0e039964                        _auxdisplay_driver_api_list_end = .

bbram_driver_api_area
                0x0e039964        0x0
                0x0e039964                        _bbram_driver_api_list_start = .
 *(SORT_BY_NAME(SORT_BY_ALIGNMENT(._bbram_driver_api.static.*)))
                0x0e039964                        _bbram_driver_api_list_end = .

biometric_driver_api_area
                0x0e039964        0x0
                0x0e039964                        _biometric_driver_api_list_start = .
 *(SORT_BY_NAME(SORT_BY_ALIGNMENT(._biometric_driver_api.static.*)))
                0x0e039964                        _biometric_driver_api_list_end = .

bt_hci_driver_api_area
                0x0e039964        0x0
                0x0e039964                        _bt_hci_driver_api_list_start = .
 *(SORT_BY_NAME(SORT_BY_ALIGNMENT(._bt_hci_driver_api.static.*)))
                0x0e039964                        _bt_hci_driver_api_list_end = .

can_driver_api_area
                0x0e039964        0x0
                0x0e039964                        _can_driver_api_list_start = .
 *(SORT_BY_NAME(SORT_BY_ALIGNMENT(._can_driver_api.static.*)))
                0x0e039964                        _can_driver_api_list_end = .

cellular_driver_api_area
                0x0e039964        0x0
                0x0e039964                        _cellular_driver_api_list_start = .
 *(SORT_BY_NAME(SORT_BY_ALIGNMENT(._cellular_driver_api.static.*)))
                0x0e039964                        _cellular_driver_api_list_end = .

charger_driver_api_area
                0x0e039964        0x0
                0x0e039964                        _charger_driver_api_list_start = .
 *(SORT_BY_NAME(SORT_BY_ALIGNMENT(._charger_driver_api.static.*)))
                0x0e039964                        _charger_driver_api_list_end = .

clock_control_driver_api_area
                0x0e039964        0x0
                0x0e039964                        _clock_control_driver_api_list_start = .
 *(SORT_BY_NAME(SORT_BY_ALIGNMENT(._clock_control_driver_api.static.*)))
                0x0e039964                        _clock_control_driver_api_list_end = .

comparator_driver_api_area
                0x0e039964        0x0
                0x0e039964                        _comparator_driver_api_list_start = .
 *(SORT_BY_NAME(SORT_BY_ALIGNMENT(._comparator_driver_api.static.*)))
                0x0e039964                        _comparator_driver_api_list_end = .

coredump_driver_api_area
                0x0e039964        0x0
                0x0e039964                        _coredump_driver_api_list_start = .
 *(SORT_BY_NAME(SORT_BY_ALIGNMENT(._coredump_driver_api.static.*)))
                0x0e039964                        _coredump_driver_api_list_end = .

counter_driver_api_area
                0x0e039964        0x0
                0x0e039964                        _counter_driver_api_list_start = .
 *(SORT_BY_NAME(SORT_BY_ALIGNMENT(._counter_driver_api.static.*)))
                0x0e039964                        _counter_driver_api_list_end = .

crc_driver_api_area
                0x0e039964        0x0
                0x0e039964                        _crc_driver_api_list_start = .
 *(SORT_BY_NAME(SORT_BY_ALIGNMENT(._crc_driver_api.static.*)))
                0x0e039964                        _crc_driver_api_list_end = .

dac_driver_api_area
                0x0e039964        0x0
                0x0e039964                        _dac_driver_api_list_start = .
 *(SORT_BY_NAME(SORT_BY_ALIGNMENT(._dac_driver_api.static.*)))
                0x0e039964                        _dac_driver_api_list_end = .

dai_driver_api_area
                0x0e039964        0x0
                0x0e039964                        _dai_driver_api_list_start = .
 *(SORT_BY_NAME(SORT_BY_ALIGNMENT(._dai_driver_api.static.*)))
                0x0e039964                        _dai_driver_api_list_end = .

display_driver_api_area
                0x0e039964        0x0
                0x0e039964                        _display_driver_api_list_start = .
 *(SORT_BY_NAME(SORT_BY_ALIGNMENT(._display_driver_api.static.*)))
                0x0e039964                        _display_driver_api_list_end = .

dma_driver_api_area
                0x0e039964        0x0
                0x0e039964                        _dma_driver_api_list_start = .
 *(SORT_BY_NAME(SORT_BY_ALIGNMENT(._dma_driver_api.static.*)))
                0x0e039964                        _dma_driver_api_list_end = .

edac_driver_api_area
                0x0e039964        0x0
                0x0e039964                        _edac_driver_api_list_start = .
 *(SORT_BY_NAME(SORT_BY_ALIGNMENT(._edac_driver_api.static.*)))
                0x0e039964                        _edac_driver_api_list_end = .

eeprom_driver_api_area
                0x0e039964        0x0
                0x0e039964                        _eeprom_driver_api_list_start = .
 *(SORT_BY_NAME(SORT_BY_ALIGNMENT(._eeprom_driver_api.static.*)))
                0x0e039964                        _eeprom_driver_api_list_end = .

emul_bbram_driver_api_area
                0x0e039964        0x0
                0x0e039964                        _emul_bbram_driver_api_list_start = .
 *(SORT_BY_NAME(SORT_BY_ALIGNMENT(._emul_bbram_driver_api.static.*)))
                0x0e039964                        _emul_bbram_driver_api_list_end = .

fuel_gauge_emul_driver_api_area
                0x0e039964        0x0
                0x0e039964                        _fuel_gauge_emul_driver_api_list_start = .
 *(SORT_BY_NAME(SORT_BY_ALIGNMENT(._fuel_gauge_emul_driver_api.static.*)))
                0x0e039964                        _fuel_gauge_emul_driver_api_list_end = .

emul_sensor_driver_api_area
                0x0e039964        0x0
                0x0e039964                        _emul_sensor_driver_api_list_start = .
 *(SORT_BY_NAME(SORT_BY_ALIGNMENT(._emul_sensor_driver_api.static.*)))
                0x0e039964                        _emul_sensor_driver_api_list_end = .

entropy_driver_api_area
                0x0e039964        0x0
                0x0e039964                        _entropy_driver_api_list_start = .
 *(SORT_BY_NAME(SORT_BY_ALIGNMENT(._entropy_driver_api.static.*)))
                0x0e039964                        _entropy_driver_api_list_end = .

espi_driver_api_area
                0x0e039964        0x0
                0x0e039964                        _espi_driver_api_list_start = .
 *(SORT_BY_NAME(SORT_BY_ALIGNMENT(._espi_driver_api.static.*)))
                0x0e039964                        _espi_driver_api_list_end = .

espi_saf_driver_api_area
                0x0e039964        0x0
                0x0e039964                        _espi_saf_driver_api_list_start = .
 *(SORT_BY_NAME(SORT_BY_ALIGNMENT(._espi_saf_driver_api.static.*)))
                0x0e039964                        _espi_saf_driver_api_list_end = .

flash_driver_api_area
                0x0e039964        0x0
                0x0e039964                        _flash_driver_api_list_start = .
 *(SORT_BY_NAME(SORT_BY_ALIGNMENT(._flash_driver_api.static.*)))
                0x0e039964                        _flash_driver_api_list_end = .

fpga_driver_api_area
                0x0e039964        0x0
                0x0e039964                        _fpga_driver_api_list_start = .
 *(SORT_BY_NAME(SORT_BY_ALIGNMENT(._fpga_driver_api.static.*)))
                0x0e039964                        _fpga_driver_api_list_end = .

fuel_gauge_driver_api_area
                0x0e039964        0x0
                0x0e039964                        _fuel_gauge_driver_api_list_start = .
 *(SORT_BY_NAME(SORT_BY_ALIGNMENT(._fuel_gauge_driver_api.static.*)))
                0x0e039964                        _fuel_gauge_driver_api_list_end = .

gnss_driver_api_area
                0x0e039964        0x0
                0x0e039964                        _gnss_driver_api_list_start = .
 *(SORT_BY_NAME(SORT_BY_ALIGNMENT(._gnss_driver_api.static.*)))
                0x0e039964                        _gnss_driver_api_list_end = .

haptics_driver_api_area
                0x0e039964        0x0
                0x0e039964                        _haptics_driver_api_list_start = .
 *(SORT_BY_NAME(SORT_BY_ALIGNMENT(._haptics_driver_api.static.*)))
                0x0e039964                        _haptics_driver_api_list_end = .

hwspinlock_driver_api_area
                0x0e039964        0x0
                0x0e039964                        _hwspinlock_driver_api_list_start = .
 *(SORT_BY_NAME(SORT_BY_ALIGNMENT(._hwspinlock_driver_api.static.*)))
                0x0e039964                        _hwspinlock_driver_api_list_end = .

i2c_driver_api_area
                0x0e039964        0x0
                0x0e039964                        _i2c_driver_api_list_start = .
 *(SORT_BY_NAME(SORT_BY_ALIGNMENT(._i2c_driver_api.static.*)))
                0x0e039964                        _i2c_driver_api_list_end = .

i2c_target_driver_api_area
                0x0e039964        0x0
                0x0e039964                        _i2c_target_driver_api_list_start = .
 *(SORT_BY_NAME(SORT_BY_ALIGNMENT(._i2c_target_driver_api.static.*)))
                0x0e039964                        _i2c_target_driver_api_list_end = .

i2s_driver_api_area
                0x0e039964        0x0
                0x0e039964                        _i2s_driver_api_list_start = .
 *(SORT_BY_NAME(SORT_BY_ALIGNMENT(._i2s_driver_api.static.*)))
                0x0e039964                        _i2s_driver_api_list_end = .

i3c_driver_api_area
                0x0e039964        0x0
                0x0e039964                        _i3c_driver_api_list_start = .
 *(SORT_BY_NAME(SORT_BY_ALIGNMENT(._i3c_driver_api.static.*)))
                0x0e039964                        _i3c_driver_api_list_end = .

ipm_driver_api_area
                0x0e039964        0x0
                0x0e039964                        _ipm_driver_api_list_start = .
 *(SORT_BY_NAME(SORT_BY_ALIGNMENT(._ipm_driver_api.static.*)))
                0x0e039964                        _ipm_driver_api_list_end = .

led_driver_api_area
                0x0e039964        0x0
                0x0e039964                        _led_driver_api_list_start = .
 *(SORT_BY_NAME(SORT_BY_ALIGNMENT(._led_driver_api.static.*)))
                0x0e039964                        _led_driver_api_list_end = .

led_strip_driver_api_area
                0x0e039964        0x0
                0x0e039964                        _led_strip_driver_api_list_start = .
 *(SORT_BY_NAME(SORT_BY_ALIGNMENT(._led_strip_driver_api.static.*)))